# SeQuant cost analysis

_Generated: 2026-07-06 06:53:47 UTC_  
_SeQuant: v2.0.0-4039-g4ebad601a-dirty (4ebad601a3c97ef8753b0bb4dc69c386a4581613)_

Sizes in MB (8 bytes/element).

## R1

Terms: 1; distinct intermediates: 1; reused: 0; largest: 1.1597 MB; peak storage: 3.4210 MB.

Total FLOPs (symbolic): 2*i^2a^2Κ + 2*iaΚ^2

Total FLOPs (computed, index extents): 2.3712e+08

### Largest intermediates

| Rank | Result | Spaces | Memory (MB) | Uses | Construction | Local FLOPs |
|---|---|---|---|---|---|---|
| 1 | I(i_1,a_1,Κ_2) | OVX | 1.1597 | 1 | (B(a_1,i_1,Κ_1) * c(Κ_1,Κ_2)) | 2*iaΚ^2 |

### Most expensive contractions

| Rank | Result | Spaces | FLOPs | Uses | Construction | Cost |
|---|---|---|---|---|---|---|
| 1 | I(i_1,a_1,Κ_2) | OVX | 1.2160e+08 | 1 | (B(a_1,i_1,Κ_1) * c(Κ_1,Κ_2)) | 2*iaΚ^2 |

### Shape census

| Shape | Size (MB) | # Distinct | Total uses |
|---|---|---|---|
| OVX | 1.1597 | 1 | 1 |

## Cache (gated, volatile leaf = "R", min_repeats = 2)

| Metric | Value |
|---|---|
| Cached | 0 |
| Persistent | 0 |
| Persistent footprint (MB) | 0.0000 |
| Total cached footprint (MB) | 0.0000 |
