---- decl
index-space: a, External, e
index-space: b, External, e
index-space: c, External, e
index-space: d, External, e
index-space: i, Closed, c
index-space: j, Closed, c
index-space: k, Closed, c
index-space: l, Closed, c

tensor: ECC[], ECC

tensor: CSE1:ec[bi], !Create{type:disk}
tensor: CSE1:cccc[jilk], !Create{type:disk}
tensor: CSE2:ec[bj], !Create{type:disk}
tensor: CSE2:eecc[dbkj], !Create{type:disk}
tensor: CSE3:eecc[ackj], !Create{type:disk}
tensor: CSE3:eccc[cjki], !Create{type:disk}
tensor: CSE4:eccc[clki], !Create{type:disk}
tensor: CSE5:eecc[adli], !Create{type:disk}
tensor: I:ee[bc], !Create{type:plain}
tensor: I:cc[ij], !Create{type:plain}
tensor: I:eecc[adjk], !Create{type:plain}
tensor: I:eccc[aijk], !Create{type:plain}
tensor: I:cccc[ijkl], !Create{type:plain}
tensor: INTpp:ccee[kjab], !Create{type:disk}
tensor: J:eeec[abcj], J:eeec
tensor: J:eecc[abij], J:eecc
tensor: K:eeee[abcd], K:eeee
tensor: K:eecc[abij], K:eecc
tensor: K:eccc[bijk], K:eccc
tensor: K:cccc[ijkl], K:cccc
tensor: R1:ec[ai], R1:ec
tensor: R2:eecc[abij], R2:eecc
tensor: R2u:eecc[abij], !Create{type:disk}
tensor: T1:ec[aj], T1:ec
tensor: T2:eecc[abij], T2:eecc
tensor: f:ee[ab], f:ee
tensor: f:ec[ai], f:ec
tensor: f:cc[ij], f:cc


---- code("Residual")
alloc CSE1:ec[bi]
load K:eecc[abij]
load T1:ec[aj]
.CSE1:ec[bi] += K:eecc[abij] T1:ec[aj]
drop T1:ec[aj]
drop K:eecc[abij]
store CSE1:ec[bi]

alloc CSE2:ec[bj]
load K:eecc[abij]
load T1:ec[ai]
.CSE2:ec[bj] += K:eecc[abij] T1:ec[ai]
drop T1:ec[ai]
drop K:eecc[abij]
store CSE2:ec[bj]

alloc ECC[]
load K:eecc[abij]
load T2:eecc[abij]
.ECC[] += 2 * K:eecc[abij] T2:eecc[abij]
drop T2:eecc[abij]
drop K:eecc[abij]
load f:ec[ai]
load T1:ec[ai]
.ECC[] += 2 * f:ec[ai] T1:ec[ai]
drop T1:ec[ai]
drop f:ec[ai]
load CSE1:ec[bi]
load T1:ec[bi]
.ECC[] += -1 * CSE1:ec[bi] T1:ec[bi]
drop T1:ec[bi]
drop CSE1:ec[bi]
load K:eecc[abij]
load T2:eecc[abji]
.ECC[] += -1 * K:eecc[abij] T2:eecc[abji]
drop T2:eecc[abji]
drop K:eecc[abij]
load CSE2:ec[bj]
load T1:ec[bj]
.ECC[] += 2 * CSE2:ec[bj] T1:ec[bj]
drop T1:ec[bj]
drop CSE2:ec[bj]
store ECC[]

alloc CSE3:eccc[cjki]
load K:eecc[bcjk]
load T1:ec[bi]
.CSE3:eccc[cjki] += K:eecc[bcjk] T1:ec[bi]
drop T1:ec[bi]
drop K:eecc[bcjk]
store CSE3:eccc[cjki]

alloc R1:ec[ai]
load CSE2:ec[bj]
load T2:eecc[abij]
.R1:ec[ai] += 4 * CSE2:ec[bj] T2:eecc[abij]
.R1:ec[ai] += -2 * CSE2:ec[ck] T2:eecc[acki]
drop T2:eecc[acki]
drop CSE2:ec[ck]
load INTpp:ccee[kjab]
.INTpp:ccee[kjab] += INTpp:ccee[kjab]
load K:eccc[bijk]
.R1:ec[ai] += -2 * INTpp:ccee[kjab] K:eccc[bijk]
drop K:eccc[bijk]
.INTpp:ccee[ijcb] += INTpp:ccee[ijcb]
load J:eeec[abcj]
.R1:ec[ai] += -1 * INTpp:ccee[ijcb] J:eeec[abcj]
drop J:eeec[abcj]
.INTpp:ccee[ijbc] += INTpp:ccee[ijbc]
load J:eeec[abcj]
.R1:ec[ai] += 2 * INTpp:ccee[ijbc] J:eeec[abcj]
drop J:eeec[abcj]
drop INTpp:ccee[ijbc]
alloc I:cc[ij]
load INTpp:ccee[ikbc]
.INTpp:ccee[ikbc] += INTpp:ccee[ikbc]
load K:eecc[bcjk]
.I:cc[ij] += INTpp:ccee[ikbc] K:eecc[bcjk]
drop K:eecc[bcjk]
drop INTpp:ccee[ikbc]
load T1:ec[aj]
.R1:ec[ai] += -2 * I:cc[ij] T1:ec[aj]
drop T1:ec[aj]
drop I:cc[ij]
alloc I:cc[ij]
load INTpp:ccee[ikcb]
.INTpp:ccee[ikcb] += INTpp:ccee[ikcb]
load K:eecc[bcjk]
.I:cc[ij] += INTpp:ccee[ikcb] K:eecc[bcjk]
drop K:eecc[bcjk]
drop INTpp:ccee[ikcb]
load T1:ec[aj]
.R1:ec[ai] += I:cc[ij] T1:ec[aj]
drop T1:ec[aj]
drop I:cc[ij]
load INTpp:ccee[jkab]
.INTpp:ccee[jkab] += INTpp:ccee[jkab]
load K:eccc[bijk]
.R1:ec[ai] += INTpp:ccee[jkab] K:eccc[bijk]
drop K:eccc[bijk]
drop INTpp:ccee[jkab]
load f:ec[ai]
.R1:ec[ai] += f:ec[ai]
drop f:ec[ai]
load f:cc[ij]
load T1:ec[aj]
.R1:ec[ai] += -1 * f:cc[ij] T1:ec[aj]
drop T1:ec[aj]
drop f:cc[ij]
load f:ec[bj]
load T2:eecc[abij]
.R1:ec[ai] += 2 * f:ec[bj] T2:eecc[abij]
drop T2:eecc[abij]
drop f:ec[bj]
load CSE3:eccc[cjki]
load T2:eecc[ackj]
.R1:ec[ai] += CSE3:eccc[cjki] T2:eecc[ackj]
.R1:ec[ai] += -2 * CSE3:eccc[bkji] T2:eecc[abkj]
drop T2:eecc[abkj]
drop CSE3:eccc[bkji]
load K:eecc[abij]
load T1:ec[bj]
.R1:ec[ai] += 2 * K:eecc[abij] T1:ec[bj]
drop T1:ec[bj]
drop K:eecc[abij]
load CSE1:ec[cj]
load T2:eecc[acij]
.R1:ec[ai] += -2 * CSE1:ec[cj] T2:eecc[acij]
.R1:ec[ai] += CSE1:ec[cj] T2:eecc[acji]
drop T2:eecc[acji]
drop CSE1:ec[cj]
load f:ee[ab]
load T1:ec[bi]
.R1:ec[ai] += f:ee[ab] T1:ec[bi]
drop T1:ec[bi]
drop f:ee[ab]
load f:ec[bj]
load T2:eecc[abji]
.R1:ec[ai] += -1 * f:ec[bj] T2:eecc[abji]
drop T2:eecc[abji]
drop f:ec[bj]
alloc I:cc[ij]
load T1:ec[bi]
load f:ec[bj]
.I:cc[ij] += f:ec[bj] T1:ec[bi]
drop f:ec[bj]
.R1:ec[ai] += -1 * I:cc[ij] T1:ec[aj]
drop T1:ec[aj]
drop I:cc[ij]
load J:eecc[abij]
load T1:ec[bj]
.R1:ec[ai] += -1 * J:eecc[abij] T1:ec[bj]
drop T1:ec[bj]
drop J:eecc[abij]
store R1:ec[ai]

for [j]:
	alloc CSE2:eecc[dbkj]
	load J:eeec[bcdk]
	load T1:ec[cj]
	.CSE2:eecc[dbkj] += J:eeec[bcdk] T1:ec[cj]
	drop T1:ec[cj]
	drop J:eeec[bcdk]
	store CSE2:eecc[dbkj]

	alloc CSE3:eecc[ackj]
	load J:eeec[acdk]
	load T1:ec[dj]
	.CSE3:eecc[ackj] += J:eeec[acdk] T1:ec[dj]
	drop T1:ec[dj]
	drop J:eeec[acdk]
	store CSE3:eecc[ackj]

for [i]:
	alloc CSE4:eccc[clki]
	load K:eecc[cdkl]
	load T1:ec[di]
	.CSE4:eccc[clki] += K:eecc[cdkl] T1:ec[di]
	drop T1:ec[di]
	drop K:eecc[cdkl]
	store CSE4:eccc[clki]

	alloc CSE5:eecc[adli]
	load K:eecc[cdkl]
	load T2:eecc[acki]
	.CSE5:eecc[adli] += K:eecc[cdkl] T2:eecc[acki]
	drop T2:eecc[acki]
	drop K:eecc[cdkl]
	store CSE5:eecc[adli]

for [i, j]:
	alloc CSE1:cccc[jilk]
	load INTpp:ccee[ijcd]
	.INTpp:ccee[ijcd] += INTpp:ccee[ijcd]
	load K:eecc[cdkl]
	.CSE1:cccc[jilk] += INTpp:ccee[ijcd] K:eecc[cdkl]
	drop K:eecc[cdkl]
	drop INTpp:ccee[ijcd]
	store CSE1:cccc[jilk]

	alloc R2u:eecc[abij]
	alloc I:eccc[aijk]
	load K:eccc[cjkl]
	load T2:eecc[acil]
	.I:eccc[aijk] += K:eccc[cjkl] T2:eecc[acil]
	drop T2:eecc[acil]
	drop K:eccc[cjkl]
	load T1:ec[bk]
	.R2u:eecc[abij] += 2 * I:eccc[aijk] T1:ec[bk]
	drop T1:ec[bk]
	drop I:eccc[aijk]
	load J:eecc[acjk]
	load T2:eecc[bcki]
	.R2u:eecc[abij] += -2 * J:eecc[acjk] T2:eecc[bcki]
	drop T2:eecc[bcki]
	drop J:eecc[acjk]
	load J:eecc[acik]
	load T2:eecc[bcjk]
	.R2u:eecc[abij] += -2 * J:eecc[acik] T2:eecc[bcjk]
	drop T2:eecc[bcjk]
	drop J:eecc[acik]
	load INTpp:ccee[klab]
	.INTpp:ccee[klab] += INTpp:ccee[klab]
	load K:cccc[ijkl]
	.R2u:eecc[abij] += INTpp:ccee[klab] K:cccc[ijkl]
	drop K:cccc[ijkl]
	drop INTpp:ccee[klab]
	alloc I:cccc[ijkl]
	load K:eccc[cikl]
	load T1:ec[cj]
	.I:cccc[ijkl] += K:eccc[cikl] T1:ec[cj]
	drop T1:ec[cj]
	drop K:eccc[cikl]
	load INTpp:ccee[klba]
	.INTpp:ccee[klba] += INTpp:ccee[klba]
	.R2u:eecc[abij] += 2 * I:cccc[ijkl] INTpp:ccee[klba]
	drop INTpp:ccee[klba]
	drop I:cccc[ijkl]
	alloc I:cc[jl]
	load INTpp:ccee[jkcd]
	.INTpp:ccee[jkcd] += INTpp:ccee[jkcd]
	load K:eecc[cdkl]
	.I:cc[jl] += INTpp:ccee[jkcd] K:eecc[cdkl]
	drop K:eecc[cdkl]
	drop INTpp:ccee[jkcd]
	load T2:eecc[abil]
	.R2u:eecc[abij] += 2 * I:cc[jl] T2:eecc[abil]
	drop T2:eecc[abil]
	drop I:cc[jl]
	load CSE1:cccc[jilk]
	load T2:eecc[abkl]
	.R2u:eecc[abij] += CSE1:cccc[jilk] T2:eecc[abkl]
	drop T2:eecc[abkl]
	drop CSE1:cccc[jilk]
	alloc I:eccc[aijl]
	load T1:ec[ak]
	load CSE1:cccc[jilk]
	.I:eccc[aijl] += CSE1:cccc[jilk] T1:ec[ak]
	drop CSE1:cccc[jilk]
	.R2u:eecc[abij] += I:eccc[aijl] T1:ec[bl]
	drop T1:ec[bl]
	drop I:eccc[aijl]
	alloc I:ee[bc]
	load INTpp:ccee[klbd]
	.INTpp:ccee[klbd] += INTpp:ccee[klbd]
	load K:eecc[cdkl]
	.I:ee[bc] += INTpp:ccee[klbd] K:eecc[cdkl]
	drop K:eecc[cdkl]
	drop INTpp:ccee[klbd]
	load T2:eecc[acij]
	.R2u:eecc[abij] += -4 * I:ee[bc] T2:eecc[acij]
	drop T2:eecc[acij]
	drop I:ee[bc]
	alloc I:eccc[aijk]
	load INTpp:ccee[ijcd]
	.INTpp:ccee[ijcd] += INTpp:ccee[ijcd]
	load J:eeec[acdk]
	.I:eccc[aijk] += INTpp:ccee[ijcd] J:eeec[acdk]
	drop J:eeec[acdk]
	drop INTpp:ccee[ijcd]
	load T1:ec[bk]
	.R2u:eecc[abij] += -2 * I:eccc[aijk] T1:ec[bk]
	drop T1:ec[bk]
	drop I:eccc[aijk]
	alloc I:ee[bd]
	load INTpp:ccee[klbc]
	.INTpp:ccee[klbc] += INTpp:ccee[klbc]
	load K:eecc[cdkl]
	.I:ee[bd] += INTpp:ccee[klbc] K:eecc[cdkl]
	drop K:eecc[cdkl]
	drop INTpp:ccee[klbc]
	load T2:eecc[adij]
	.R2u:eecc[abij] += 2 * I:ee[bd] T2:eecc[adij]
	drop T2:eecc[adij]
	drop I:ee[bd]
	load INTpp:ccee[ijcd]
	.INTpp:ccee[ijcd] += INTpp:ccee[ijcd]
	load K:eeee[abcd]
	.R2u:eecc[abij] += INTpp:ccee[ijcd] K:eeee[abcd]
	drop K:eeee[abcd]
	drop INTpp:ccee[ijcd]
	alloc I:cc[jk]
	load INTpp:ccee[jlcd]
	.INTpp:ccee[jlcd] += INTpp:ccee[jlcd]
	load K:eecc[cdkl]
	.I:cc[jk] += INTpp:ccee[jlcd] K:eecc[cdkl]
	drop K:eecc[cdkl]
	drop INTpp:ccee[jlcd]
	load T2:eecc[abik]
	.R2u:eecc[abij] += -4 * I:cc[jk] T2:eecc[abik]
	drop T2:eecc[abik]
	drop I:cc[jk]
	load f:ee[bc]
	load T2:eecc[acij]
	.R2u:eecc[abij] += 2 * f:ee[bc] T2:eecc[acij]
	drop T2:eecc[acij]
	drop f:ee[bc]
	alloc I:eecc[adjk]
	load K:eecc[cdkl]
	load T2:eecc[aclj]
	.I:eecc[adjk] += K:eecc[cdkl] T2:eecc[aclj]
	drop T2:eecc[aclj]
	drop K:eecc[cdkl]
	load T2:eecc[bdki]
	.R2u:eecc[abij] += I:eecc[adjk] T2:eecc[bdki]
	drop T2:eecc[bdki]
	drop I:eecc[adjk]
	alloc I:eecc[acil]
	load K:eecc[cdkl]
	load T2:eecc[adki]
	.I:eecc[acil] += K:eecc[cdkl] T2:eecc[adki]
	drop T2:eecc[adki]
	drop K:eecc[cdkl]
	load T2:eecc[bcjl]
	.R2u:eecc[abij] += 2 * I:eecc[acil] T2:eecc[bcjl]
	drop T2:eecc[bcjl]
	drop I:eecc[acil]
	alloc I:eecc[acil]
	load K:eecc[cdkl]
	load T2:eecc[adik]
	.I:eecc[acil] += K:eecc[cdkl] T2:eecc[adik]
	drop T2:eecc[adik]
	drop K:eecc[cdkl]
	load T2:eecc[bcjl]
	.R2u:eecc[abij] += -2 * I:eecc[acil] T2:eecc[bcjl]
	drop T2:eecc[bcjl]
	drop I:eecc[acil]
	alloc I:eccc[aijk]
	load K:eccc[cikl]
	load T2:eecc[aclj]
	.I:eccc[aijk] += K:eccc[cikl] T2:eecc[aclj]
	drop T2:eecc[aclj]
	drop K:eccc[cikl]
	load T1:ec[bk]
	.R2u:eecc[abij] += 2 * I:eccc[aijk] T1:ec[bk]
	drop T1:ec[bk]
	drop I:eccc[aijk]
	alloc I:ee[bd]
	load J:eeec[bcdk]
	load T1:ec[ck]
	.I:ee[bd] += J:eeec[bcdk] T1:ec[ck]
	drop T1:ec[ck]
	drop J:eeec[bcdk]
	load T2:eecc[adij]
	.R2u:eecc[abij] += -2 * I:ee[bd] T2:eecc[adij]
	drop T2:eecc[adij]
	drop I:ee[bd]
	load CSE2:eecc[dbkj]
	load T2:eecc[adki]
	.R2u:eecc[abij] += -2 * CSE2:eecc[dbkj] T2:eecc[adki]
	drop T2:eecc[adki]
	load T2:eecc[adik]
	.R2u:eecc[abij] += 4 * CSE2:eecc[dbkj] T2:eecc[adik]
	drop T2:eecc[adik]
	drop CSE2:eecc[dbkj]
	load K:eecc[acik]
	load T2:eecc[bckj]
	.R2u:eecc[abij] += -2 * K:eecc[acik] T2:eecc[bckj]
	drop T2:eecc[bckj]
	drop K:eecc[acik]
	alloc I:cc[jk]
	load K:eccc[cjkl]
	load T1:ec[cl]
	.I:cc[jk] += K:eccc[cjkl] T1:ec[cl]
	drop T1:ec[cl]
	drop K:eccc[cjkl]
	load T2:eecc[abik]
	.R2u:eecc[abij] += 2 * I:cc[jk] T2:eecc[abik]
	drop T2:eecc[abik]
	drop I:cc[jk]
	alloc I:eccc[aijk]
	load K:eecc[acik]
	load T1:ec[cj]
	.I:eccc[aijk] += K:eecc[acik] T1:ec[cj]
	drop T1:ec[cj]
	drop K:eecc[acik]
	load T1:ec[bk]
	.R2u:eecc[abij] += -2 * I:eccc[aijk] T1:ec[bk]
	drop T1:ec[bk]
	drop I:eccc[aijk]
	load K:eecc[abij]
	.R2u:eecc[abij] += K:eecc[abij]
	drop K:eecc[abij]
	load CSE3:eecc[ackj]
	load T2:eecc[bcki]
	.R2u:eecc[abij] += -2 * CSE3:eecc[ackj] T2:eecc[bcki]
	drop T2:eecc[bcki]
	load T2:eecc[acik]
	.R2u:eecc[abij] += -2 * CSE3:eecc[bckj] T2:eecc[acik]
	drop T2:eecc[acik]
	drop CSE3:eecc[bckj]
	alloc I:eccc[aijk]
	load J:eecc[acjk]
	load T1:ec[ci]
	.I:eccc[aijk] += J:eecc[acjk] T1:ec[ci]
	drop T1:ec[ci]
	drop J:eecc[acjk]
	load T1:ec[bk]
	.R2u:eecc[abij] += -2 * I:eccc[aijk] T1:ec[bk]
	drop T1:ec[bk]
	drop I:eccc[aijk]
	alloc I:eccc[bijk]
	load CSE4:eccc[clki]
	load T2:eecc[bcjl]
	.I:eccc[bijk] += CSE4:eccc[clki] T2:eecc[bcjl]
	drop T2:eecc[bcjl]
	drop CSE4:eccc[clki]
	load T1:ec[ak]
	.R2u:eecc[abij] += 2 * I:eccc[bijk] T1:ec[ak]
	drop T1:ec[ak]
	drop I:eccc[bijk]
	alloc I:eccc[aijl]
	load CSE4:eccc[dkli]
	load T2:eecc[adkj]
	.I:eccc[aijl] += CSE4:eccc[dkli] T2:eecc[adkj]
	drop T2:eecc[adkj]
	drop CSE4:eccc[dkli]
	load T1:ec[bl]
	.R2u:eecc[abij] += 2 * I:eccc[aijl] T1:ec[bl]
	drop T1:ec[bl]
	drop I:eccc[aijl]
	alloc I:eccc[bijk]
	load CSE4:eccc[dkli]
	load T2:eecc[bdlj]
	.I:eccc[bijk] += CSE4:eccc[dkli] T2:eecc[bdlj]
	drop T2:eecc[bdlj]
	drop CSE4:eccc[dkli]
	load T1:ec[ak]
	.R2u:eecc[abij] += 2 * I:eccc[bijk] T1:ec[ak]
	drop T1:ec[ak]
	drop I:eccc[bijk]
	alloc I:eccc[bijk]
	load CSE4:eccc[dkli]
	load T2:eecc[bdjl]
	.I:eccc[bijk] += CSE4:eccc[dkli] T2:eecc[bdjl]
	drop T2:eecc[bdjl]
	drop CSE4:eccc[dkli]
	load T1:ec[ak]
	.R2u:eecc[abij] += -4 * I:eccc[bijk] T1:ec[ak]
	drop T1:ec[ak]
	drop I:eccc[bijk]
	alloc I:eccc[aijk]
	load f:ec[ck]
	load T2:eecc[acij]
	.I:eccc[aijk] += f:ec[ck] T2:eecc[acij]
	drop T2:eecc[acij]
	drop f:ec[ck]
	load T1:ec[bk]
	.R2u:eecc[abij] += -2 * I:eccc[aijk] T1:ec[bk]
	drop T1:ec[bk]
	drop I:eccc[aijk]
	alloc I:cc[jl]
	load K:eccc[cjkl]
	load T1:ec[ck]
	.I:cc[jl] += K:eccc[cjkl] T1:ec[ck]
	drop T1:ec[ck]
	drop K:eccc[cjkl]
	load T2:eecc[abil]
	.R2u:eecc[abij] += -4 * I:cc[jl] T2:eecc[abil]
	drop T2:eecc[abil]
	drop I:cc[jl]
	load J:eeec[bcai]
	load T1:ec[cj]
	.R2u:eecc[abij] += 2 * J:eeec[bcai] T1:ec[cj]
	drop T1:ec[cj]
	drop J:eeec[bcai]
	load K:eccc[ajik]
	load T1:ec[bk]
	.R2u:eecc[abij] += -2 * K:eccc[ajik] T1:ec[bk]
	drop T1:ec[bk]
	drop K:eccc[ajik]
	load f:cc[jk]
	load T2:eecc[abik]
	.R2u:eecc[abij] += -2 * f:cc[jk] T2:eecc[abik]
	drop T2:eecc[abik]
	drop f:cc[jk]
	load K:eecc[acik]
	load T2:eecc[bcjk]
	.R2u:eecc[abij] += 4 * K:eecc[acik] T2:eecc[bcjk]
	drop T2:eecc[bcjk]
	drop K:eecc[acik]
	alloc I:ee[bc]
	load J:eeec[bcdk]
	load T1:ec[dk]
	.I:ee[bc] += J:eeec[bcdk] T1:ec[dk]
	drop T1:ec[dk]
	drop J:eeec[bcdk]
	load T2:eecc[acij]
	.R2u:eecc[abij] += 4 * I:ee[bc] T2:eecc[acij]
	drop T2:eecc[acij]
	drop I:ee[bc]
	alloc I:eecc[adil]
	load K:eecc[cdkl]
	load T2:eecc[acik]
	.I:eecc[adil] += K:eecc[cdkl] T2:eecc[acik]
	drop T2:eecc[acik]
	drop K:eecc[cdkl]
	load T2:eecc[bdjl]
	.R2u:eecc[abij] += 4 * I:eecc[adil] T2:eecc[bdjl]
	drop T2:eecc[bdjl]
	drop I:eecc[adil]
	load CSE5:eecc[adli]
	load T2:eecc[bdlj]
	.R2u:eecc[abij] += CSE5:eecc[adli] T2:eecc[bdlj]
	drop T2:eecc[bdlj]
	load T2:eecc[bdjl]
	.R2u:eecc[abij] += -4 * CSE5:eecc[adli] T2:eecc[bdjl]
	drop T2:eecc[bdjl]
	drop CSE5:eecc[adli]
	alloc I:eccc[aijl]
	load K:eccc[cjkl]
	load T2:eecc[acik]
	.I:eccc[aijl] += K:eccc[cjkl] T2:eecc[acik]
	drop T2:eecc[acik]
	drop K:eccc[cjkl]
	load T1:ec[bl]
	.R2u:eecc[abij] += -4 * I:eccc[aijl] T1:ec[bl]
	drop T1:ec[bl]
	drop I:eccc[aijl]
	alloc I:eccc[aijl]
	load K:eccc[cjkl]
	load T2:eecc[acki]
	.I:eccc[aijl] += K:eccc[cjkl] T2:eecc[acki]
	drop T2:eecc[acki]
	drop K:eccc[cjkl]
	load T1:ec[bl]
	.R2u:eecc[abij] += 2 * I:eccc[aijl] T1:ec[bl]
	drop T1:ec[bl]
	drop I:eccc[aijl]
	alloc I:cc[jk]
	load f:ec[ck]
	load T1:ec[cj]
	.I:cc[jk] += f:ec[ck] T1:ec[cj]
	drop T1:ec[cj]
	drop f:ec[ck]
	load T2:eecc[abik]
	.R2u:eecc[abij] += -2 * I:cc[jk] T2:eecc[abik]
	drop T2:eecc[abik]
	drop I:cc[jk]
	store R2u:eecc[abij]

	alloc R2:eecc[abij]
	load R2u:eecc[abij]
	.R2:eecc[abij] += 1/2 * R2u:eecc[abij]
	drop R2u:eecc[abij]
	load R2u:eecc[baji]
	.R2:eecc[abij] += 1/2 * R2u:eecc[baji]
	drop R2u:eecc[baji]
	store R2:eecc[abij]


---- end
