---- decl
index-space: a, External, e
index-space: b, External, e
index-space: c, External, e
index-space: u, Active, a
index-space: v, Active, a
index-space: w, Active, a
index-space: x, Active, a
index-space: y, Active, a
index-space: z, Active, a
index-space: i, Closed, c
index-space: j, Closed, c
index-space: k, Closed, c
index-space: F, BasisMp2Fit, F

tensor: ECC[], ECC
tensor: ECC0[], ECC0

tensor: CSE1:aa[wu], !Create{type:disk}
tensor: CSE1:aaaa[wvux], !Create{type:disk}
tensor: CSE1:ccaa[jivu], !Create{type:disk}
tensor: CSE10:Faa[Fux], !Create{type:disk}
tensor: CSE10:aaaa[wvux], !Create{type:disk}
tensor: CSE11:aa[wu], !Create{type:disk}
tensor: CSE11:Faa[Fuw], !Create{type:disk}
tensor: CSE12:aa[xu], !Create{type:disk}
tensor: CSE13:aa[wu], !Create{type:disk}
tensor: CSE14:ec[ai], !Create{type:disk}
tensor: CSE15:ec[ai], !Create{type:disk}
tensor: CSE16:Fca[Fiu], !Create{type:disk}
tensor: CSE17:ec[bi], !Create{type:disk}
tensor: CSE18:ec[bi], !Create{type:disk}
tensor: CSE19:aaaa[wyuv], !Create{type:disk}
tensor: CSE2:aa[xu], !Create{type:disk}
tensor: CSE2:aaaa[wvux], !Create{type:disk}
tensor: CSE20:aaaa[ywvu], !Create{type:disk}
tensor: CSE21:aaaa[xwzy], !Create{type:disk}
tensor: CSE22:aaaa[wvuz], !Create{type:disk}
tensor: CSE23:aaaa[wvuz], !Create{type:disk}
tensor: CSE24:aaaa[wvuz], !Create{type:disk}
tensor: CSE25:aaaa[wvuz], !Create{type:disk}
tensor: CSE26:ccaa[jiuw], !Create{type:disk}
tensor: CSE27:ccaa[ijvu], !Create{type:disk}
tensor: CSE28:aaaa[wvuy], !Create{type:disk}
tensor: CSE29:ccaa[jivu], !Create{type:disk}
tensor: CSE3:aa[uv], !Create{type:disk}
tensor: CSE3:ecaa[aivu], !Create{type:disk}
tensor: CSE30:ecaa[aivw], !Create{type:disk}
tensor: CSE31:ecaa[aivw], !Create{type:disk}
tensor: CSE32:ecaa[aivw], !Create{type:disk}
tensor: CSE33:ecaa[aivw], !Create{type:disk}
tensor: CSE34:ecaa[aiwx], !Create{type:disk}
tensor: CSE35:ecca[ajiv], !Create{type:disk}
tensor: CSE36:ecca[ajiu], !Create{type:disk}
tensor: CSE37:ecca[aiju], !Create{type:disk}
tensor: CSE4:Faa[Fuw], !Create{type:disk}
tensor: CSE4:aaaa[xwvu], !Create{type:disk}
tensor: CSE5:ca[iv], !Create{type:disk}
tensor: CSE5:ccaa[jivu], !Create{type:disk}
tensor: CSE6:aa[vu], !Create{type:disk}
tensor: CSE6:Faa[Fuw], !Create{type:disk}
tensor: CSE7:aa[xu], !Create{type:disk}
tensor: CSE7:aaaa[wvux], !Create{type:disk}
tensor: CSE8:F[F], !Create{type:disk}
tensor: CSE8:aaaa[vuwx], !Create{type:disk}
tensor: CSE9:Faa[Fux], !Create{type:disk}
tensor: CSE9:aaaa[wvux], !Create{type:disk}
tensor: DF:Fea[Fau], DF:Fea
tensor: DF:Fec[Fai], DF:Fec
tensor: DF:Faa[Fuv], DF:Faa
tensor: DF:Fca[Fiu], DF:Fca
tensor: I:F[F], !Create{type:plain}
tensor: I:ea[av], !Create{type:plain}
tensor: I:aa[uv], !Create{type:plain}
tensor: I:ca[ix], !Create{type:plain}
tensor: I:Fea[Fav], !Create{type:plain}
tensor: I:Fec[Fbj], !Create{type:plain}
tensor: I:Faa[Fwx], !Create{type:plain}
tensor: I:Fca[Fju], !Create{type:plain}
tensor: I:eeaa[abuv], !Create{type:plain}
tensor: I:eeca[abiv], !Create{type:plain}
tensor: I:ecaa[aiuv], !Create{type:plain}
tensor: I:aaaa[vwxy], !Create{type:plain}
tensor: I:ccaa[ijuv], !Create{type:plain}
tensor: R1:ea[au], R1:ea
tensor: R1:ec[ai], R1:ec
tensor: R1:ac[ui], R1:ac
tensor: R2:ec[ai], R2:ec
tensor: R2:eeaa[abuv], R2:eeaa
tensor: R2:eeca[baiu], R2:eeca
tensor: R2:eecc[abij], R2:eecc
tensor: R2:eaac[avui], R2:eaac
tensor: R2:eaca[aviu], R2:eaca
tensor: R2:eacc[auij], R2:eacc
tensor: R2:aacc[uvij], R2:aacc
tensor: R2u:eeaa[abuv], !Create{type:disk}
tensor: R2u:eecc[abij], !Create{type:disk}
tensor: R2u:aacc[uvij], !Create{type:disk}
tensor: T1:ea[ax], T1:ea
tensor: T1:ac[ui], T1:ac
tensor: T1s:ec[ai], T1s:ec
tensor: T2:eeaa[abxw], T2:eeaa
tensor: T2:eeca[abiv], T2:eeca
tensor: T2:eecc[abji], T2:eecc
tensor: T2:eaac[awxi], T2:eaac
tensor: T2:eaca[awix], T2:eaca
tensor: T2:eacc[auij], T2:eacc
tensor: T2:aacc[uvij], T2:aacc
tensor: Ym1:aa[uv], Ym1:aa
tensor: Ym2:aaaa[vxwu], Ym2:aaaa
tensor: f:ea[au], f:ea
tensor: f:ec[ai], f:ec
tensor: f:aa[vw], f:aa
tensor: f:ca[iu], f:ca
tensor: g:ee[ab], g:ee
tensor: g:cc[ij], g:cc


---- code("Energy0")
alloc CSE1:ccaa[jivu]
load DF:Fca[Fiu]
.CSE1:ccaa[jivu] += DF:Fca[Fiu] DF:Fca[Fjv]
drop DF:Fca[Fiu]
store CSE1:ccaa[jivu]

alloc ECC0[]
alloc I:Fca[Fju]
load DF:Fec[Fai]
load T2:eacc[auij]
.I:Fca[Fju] += DF:Fec[Fai] T2:eacc[auij]
drop T2:eacc[auij]
drop DF:Fec[Fai]
load DF:Fca[Fju]
.ECC0[] += 4 * I:Fca[Fju] DF:Fca[Fju]
drop DF:Fca[Fju]
drop I:Fca[Fju]
load CSE1:ccaa[jivu]
load T2:aacc[uvij]
.ECC0[] += 2 * CSE1:ccaa[jivu] T2:aacc[uvij]
.ECC0[] += -1 * CSE1:ccaa[jivu] T2:aacc[uvji]
drop T2:aacc[uvji]
drop CSE1:ccaa[jivu]
load f:ca[iu]
load T1:ac[ui]
.ECC0[] += 2 * f:ca[iu] T1:ac[ui]
drop T1:ac[ui]
drop f:ca[iu]
alloc I:Fca[Fju]
load DF:Fec[Fai]
load T2:eacc[auji]
.I:Fca[Fju] += DF:Fec[Fai] T2:eacc[auji]
drop T2:eacc[auji]
drop DF:Fec[Fai]
load DF:Fca[Fju]
.ECC0[] += -2 * I:Fca[Fju] DF:Fca[Fju]
drop DF:Fca[Fju]
drop I:Fca[Fju]
alloc I:Fec[Fbj]
load DF:Fec[Fai]
load T2:eecc[abji]
.I:Fec[Fbj] += DF:Fec[Fai] T2:eecc[abji]
drop T2:eecc[abji]
.ECC0[] += -1 * I:Fec[Fbj] DF:Fec[Fbj]
drop DF:Fec[Fbj]
drop I:Fec[Fbj]
load f:ec[ai]
load T1s:ec[ai]
.ECC0[] += 2 * f:ec[ai] T1s:ec[ai]
drop T1s:ec[ai]
drop f:ec[ai]
alloc I:Fec[Fbj]
load DF:Fec[Fai]
load T2:eecc[abij]
.I:Fec[Fbj] += DF:Fec[Fai] T2:eecc[abij]
drop T2:eecc[abij]
.ECC0[] += 2 * I:Fec[Fbj] DF:Fec[Fbj]
drop DF:Fec[Fbj]
drop I:Fec[Fbj]
store ECC0[]


---- code("Energy")
alloc CSE1:aaaa[wvux]
alloc I:ecaa[aiuv]
load DF:Fea[Fau]
load DF:Fca[Fiv]
.I:ecaa[aiuv] += DF:Fea[Fau] DF:Fca[Fiv]
drop DF:Fca[Fiv]
drop DF:Fea[Fau]
load T2:eaac[awxi]
.CSE1:aaaa[wvux] += I:ecaa[aiuv] T2:eaac[awxi]
drop T2:eaac[awxi]
drop I:ecaa[aiuv]
store CSE1:aaaa[wvux]

alloc CSE2:aaaa[wvux]
alloc I:ecaa[aiuv]
load DF:Fea[Fau]
load DF:Fca[Fiv]
.I:ecaa[aiuv] += DF:Fea[Fau] DF:Fca[Fiv]
drop DF:Fca[Fiv]
drop DF:Fea[Fau]
load T2:eaca[awix]
.CSE2:aaaa[wvux] += I:ecaa[aiuv] T2:eaca[awix]
drop T2:eaca[awix]
drop I:ecaa[aiuv]
store CSE2:aaaa[wvux]

alloc CSE3:ecaa[aivu]
load DF:Fea[Fau]
load DF:Fca[Fiv]
.CSE3:ecaa[aivu] += DF:Fea[Fau] DF:Fca[Fiv]
drop DF:Fca[Fiv]
drop DF:Fea[Fau]
store CSE3:ecaa[aivu]

alloc CSE4:aaaa[xwvu]
alloc I:ccaa[ijuv]
load DF:Fca[Fiu]
.I:ccaa[ijuv] += DF:Fca[Fiu] DF:Fca[Fjv]
drop DF:Fca[Fiu]
load T2:aacc[wxij]
.CSE4:aaaa[xwvu] += I:ccaa[ijuv] T2:aacc[wxij]
drop T2:aacc[wxij]
drop I:ccaa[ijuv]
store CSE4:aaaa[xwvu]

alloc CSE5:ccaa[jivu]
load DF:Fca[Fiu]
.CSE5:ccaa[jivu] += DF:Fca[Fiu] DF:Fca[Fjv]
drop DF:Fca[Fiu]
store CSE5:ccaa[jivu]

alloc CSE6:Faa[Fuw]
load DF:Fec[Fai]
load T2:eaca[auiw]
.CSE6:Faa[Fuw] += DF:Fec[Fai] T2:eaca[auiw]
drop T2:eaca[auiw]
drop DF:Fec[Fai]
store CSE6:Faa[Fuw]

alloc CSE7:aaaa[wvux]
alloc I:Faa[Fwx]
load DF:Fec[Fai]
load T2:eaca[awix]
.I:Faa[Fwx] += DF:Fec[Fai] T2:eaca[awix]
drop T2:eaca[awix]
drop DF:Fec[Fai]
load DF:Faa[Fuv]
.CSE7:aaaa[wvux] += I:Faa[Fwx] DF:Faa[Fuv]
drop DF:Faa[Fuv]
drop I:Faa[Fwx]
store CSE7:aaaa[wvux]

alloc CSE8:aaaa[vuwx]
alloc I:eeaa[abuv]
load DF:Fea[Fau]
.I:eeaa[abuv] += DF:Fea[Fau] DF:Fea[Fbv]
drop DF:Fea[Fau]
load T2:eeaa[abxw]
.CSE8:aaaa[vuwx] += I:eeaa[abuv] T2:eeaa[abxw]
drop T2:eeaa[abxw]
drop I:eeaa[abuv]
store CSE8:aaaa[vuwx]

alloc CSE9:aaaa[wvux]
alloc I:Faa[Fux]
load DF:Fea[Fau]
load T1:ea[ax]
.I:Faa[Fux] += DF:Fea[Fau] T1:ea[ax]
drop T1:ea[ax]
drop DF:Fea[Fau]
load DF:Faa[Fvw]
.CSE9:aaaa[wvux] += I:Faa[Fux] DF:Faa[Fvw]
drop DF:Faa[Fvw]
drop I:Faa[Fux]
store CSE9:aaaa[wvux]

alloc CSE10:aaaa[wvux]
alloc I:Faa[Fwx]
load DF:Fec[Fai]
load T2:eaac[awxi]
.I:Faa[Fwx] += DF:Fec[Fai] T2:eaac[awxi]
drop T2:eaac[awxi]
drop DF:Fec[Fai]
load DF:Faa[Fuv]
.CSE10:aaaa[wvux] += I:Faa[Fwx] DF:Faa[Fuv]
drop DF:Faa[Fuv]
drop I:Faa[Fwx]
store CSE10:aaaa[wvux]

alloc CSE11:Faa[Fuw]
load DF:Fec[Fai]
load T2:eaac[auwi]
.CSE11:Faa[Fuw] += DF:Fec[Fai] T2:eaac[auwi]
drop T2:eaac[auwi]
drop DF:Fec[Fai]
store CSE11:Faa[Fuw]

alloc ECC[]
alloc I:aa[uv]
alloc I:Fca[Fjv]
load DF:Fec[Fai]
load T2:eacc[avij]
.I:Fca[Fjv] += DF:Fec[Fai] T2:eacc[avij]
drop T2:eacc[avij]
drop DF:Fec[Fai]
load DF:Fca[Fju]
.I:aa[uv] += I:Fca[Fjv] DF:Fca[Fju]
drop DF:Fca[Fju]
drop I:Fca[Fjv]
load Ym1:aa[uv]
.ECC[] += -4 * I:aa[uv] Ym1:aa[uv]
drop Ym1:aa[uv]
drop I:aa[uv]
load CSE1:aaaa[wvux]
load Ym2:aaaa[vxwu]
.ECC[] += -4 * CSE1:aaaa[wvux] Ym2:aaaa[vxwu]
.ECC[] += 2 * CSE1:aaaa[wvux] Ym2:aaaa[vxuw]
drop Ym2:aaaa[vxuw]
drop CSE1:aaaa[wvux]
load CSE2:aaaa[wvux]
load Ym2:aaaa[vxwu]
.ECC[] += 2 * CSE2:aaaa[wvux] Ym2:aaaa[vxwu]
.ECC[] += -4 * CSE2:aaaa[wvux] Ym2:aaaa[vxuw]
drop Ym2:aaaa[vxuw]
drop CSE2:aaaa[wvux]
alloc I:aa[uw]
load CSE3:ecaa[aivu]
load T2:eaca[aviw]
.I:aa[uw] += CSE3:ecaa[aivu] T2:eaca[aviw]
drop T2:eaca[aviw]
drop CSE3:ecaa[aivu]
load Ym1:aa[wu]
.ECC[] += -2 * I:aa[uw] Ym1:aa[wu]
drop Ym1:aa[wu]
drop I:aa[uw]
alloc I:aa[uw]
load CSE3:ecaa[aivu]
load T2:eaac[avwi]
.I:aa[uw] += CSE3:ecaa[aivu] T2:eaac[avwi]
drop T2:eaac[avwi]
drop CSE3:ecaa[aivu]
load Ym1:aa[wu]
.ECC[] += 4 * I:aa[uw] Ym1:aa[wu]
drop Ym1:aa[wu]
drop I:aa[uw]
alloc I:aa[uv]
load f:ca[iu]
load T1:ac[vi]
.I:aa[uv] += f:ca[iu] T1:ac[vi]
drop T1:ac[vi]
drop f:ca[iu]
load Ym1:aa[uv]
.ECC[] += -2 * I:aa[uv] Ym1:aa[uv]
drop Ym1:aa[uv]
drop I:aa[uv]
alloc I:ca[ix]
alloc I:Faa[Fwx]
load DF:Faa[Fuv]
load Ym2:aaaa[vwux]
.I:Faa[Fwx] += DF:Faa[Fuv] Ym2:aaaa[vwux]
drop Ym2:aaaa[vwux]
drop DF:Faa[Fuv]
load DF:Fca[Fiw]
.I:ca[ix] += I:Faa[Fwx] DF:Fca[Fiw]
drop DF:Fca[Fiw]
drop I:Faa[Fwx]
load T1:ac[xi]
.ECC[] += -4 * I:ca[ix] T1:ac[xi]
drop T1:ac[xi]
drop I:ca[ix]
alloc I:aa[uv]
alloc I:Fea[Fav]
load DF:Fec[Fbi]
load T2:eeca[abiv]
.I:Fea[Fav] += DF:Fec[Fbi] T2:eeca[abiv]
drop T2:eeca[abiv]
drop DF:Fec[Fbi]
load DF:Fea[Fau]
.I:aa[uv] += I:Fea[Fav] DF:Fea[Fau]
drop DF:Fea[Fau]
drop I:Fea[Fav]
load Ym1:aa[vu]
.ECC[] += -2 * I:aa[uv] Ym1:aa[vu]
drop Ym1:aa[vu]
drop I:aa[uv]
alloc I:aa[uv]
alloc I:Fea[Fav]
load DF:Fec[Fbi]
load T2:eeca[baiv]
.I:Fea[Fav] += DF:Fec[Fbi] T2:eeca[baiv]
drop T2:eeca[baiv]
drop DF:Fec[Fbi]
load DF:Fea[Fau]
.I:aa[uv] += I:Fea[Fav] DF:Fea[Fau]
drop DF:Fea[Fau]
drop I:Fea[Fav]
load Ym1:aa[vu]
.ECC[] += 4 * I:aa[uv] Ym1:aa[vu]
drop Ym1:aa[vu]
drop I:aa[uv]
alloc I:aa[uv]
alloc I:Fca[Fiu]
load DF:Fea[Fau]
load T1s:ec[ai]
.I:Fca[Fiu] += DF:Fea[Fau] T1s:ec[ai]
drop T1s:ec[ai]
drop DF:Fea[Fau]
load DF:Fca[Fiv]
.I:aa[uv] += I:Fca[Fiu] DF:Fca[Fiv]
drop DF:Fca[Fiv]
drop I:Fca[Fiu]
load Ym1:aa[vu]
.ECC[] += -2 * I:aa[uv] Ym1:aa[vu]
drop Ym1:aa[vu]
drop I:aa[uv]
alloc I:ca[ix]
alloc I:Faa[Fwx]
load DF:Faa[Fuv]
load Ym2:aaaa[uwxv]
.I:Faa[Fwx] += DF:Faa[Fuv] Ym2:aaaa[uwxv]
drop Ym2:aaaa[uwxv]
drop DF:Faa[Fuv]
load DF:Fca[Fiw]
.I:ca[ix] += I:Faa[Fwx] DF:Fca[Fiw]
drop DF:Fca[Fiw]
drop I:Faa[Fwx]
load T1:ac[xi]
.ECC[] += 2 * I:ca[ix] T1:ac[xi]
drop T1:ac[xi]
drop I:ca[ix]
load CSE4:aaaa[xwvu]
load Ym2:aaaa[uvwx]
.ECC[] += 2 * CSE4:aaaa[xwvu] Ym2:aaaa[uvwx]
drop Ym2:aaaa[uvwx]
drop CSE4:aaaa[xwvu]
alloc I:aa[vw]
load CSE5:ccaa[jivu]
load T2:aacc[uwij]
.I:aa[vw] += CSE5:ccaa[jivu] T2:aacc[uwij]
drop T2:aacc[uwij]
drop CSE5:ccaa[jivu]
load Ym1:aa[vw]
.ECC[] += -4 * I:aa[vw] Ym1:aa[vw]
drop Ym1:aa[vw]
drop I:aa[vw]
alloc I:aa[uw]
load CSE5:ccaa[jivu]
load T2:aacc[vwij]
.I:aa[uw] += CSE5:ccaa[jivu] T2:aacc[vwij]
drop T2:aacc[vwij]
drop CSE5:ccaa[jivu]
load Ym1:aa[uw]
.ECC[] += 2 * I:aa[uw] Ym1:aa[uw]
drop Ym1:aa[uw]
drop I:aa[uw]
load CSE4:aaaa[xwvu]
load Ym2:aaaa[uvxw]
.ECC[] += -1 * CSE4:aaaa[xwvu] Ym2:aaaa[uvxw]
drop Ym2:aaaa[uvxw]
drop CSE4:aaaa[xwvu]
alloc I:aa[uv]
alloc I:F[F]
load DF:Fca[Fiw]
load T1:ac[wi]
.I:F[F] += DF:Fca[Fiw] T1:ac[wi]
drop T1:ac[wi]
drop DF:Fca[Fiw]
load DF:Faa[Fuv]
.I:aa[uv] += I:F[F] DF:Faa[Fuv]
drop DF:Faa[Fuv]
drop I:F[F]
load Ym1:aa[uv]
.ECC[] += 4 * I:aa[uv] Ym1:aa[uv]
drop Ym1:aa[uv]
drop I:aa[uv]
alloc I:aa[vw]
load DF:Faa[Fuv]
load CSE6:Faa[Fuw]
.I:aa[vw] += DF:Faa[Fuv] CSE6:Faa[Fuw]
drop CSE6:Faa[Fuw]
drop DF:Faa[Fuv]
load Ym1:aa[wv]
.ECC[] += 4 * I:aa[vw] Ym1:aa[wv]
drop Ym1:aa[wv]
drop I:aa[vw]
load CSE7:aaaa[wvux]
load Ym2:aaaa[vxuw]
.ECC[] += 8 * CSE7:aaaa[wvux] Ym2:aaaa[vxuw]
.ECC[] += -4 * CSE7:aaaa[wvux] Ym2:aaaa[vxwu]
drop Ym2:aaaa[vxwu]
drop CSE7:aaaa[wvux]
load CSE8:aaaa[vuwx]
load Ym2:aaaa[wxuv]
.ECC[] += -1 * CSE8:aaaa[vuwx] Ym2:aaaa[wxuv]
.ECC[] += 2 * CSE8:aaaa[vuxw] Ym2:aaaa[wxuv]
drop Ym2:aaaa[wxuv]
drop CSE8:aaaa[vuxw]
alloc I:aa[uv]
load f:ec[ai]
load T2:eaca[auiv]
.I:aa[uv] += f:ec[ai] T2:eaca[auiv]
drop T2:eaca[auiv]
drop f:ec[ai]
load Ym1:aa[vu]
.ECC[] += 4 * I:aa[uv] Ym1:aa[vu]
drop Ym1:aa[vu]
drop I:aa[uv]
alloc I:aa[uv]
load f:ea[au]
load T1:ea[av]
.I:aa[uv] += f:ea[au] T1:ea[av]
drop T1:ea[av]
drop f:ea[au]
load Ym1:aa[vu]
.ECC[] += 2 * I:aa[uv] Ym1:aa[vu]
drop Ym1:aa[vu]
drop I:aa[uv]
alloc I:aa[uv]
load f:ec[ai]
load T2:eaac[auvi]
.I:aa[uv] += f:ec[ai] T2:eaac[auvi]
drop T2:eaac[auvi]
drop f:ec[ai]
load Ym1:aa[vu]
.ECC[] += -2 * I:aa[uv] Ym1:aa[vu]
drop Ym1:aa[vu]
drop I:aa[uv]
alloc I:aa[uv]
alloc I:Fca[Fjv]
load DF:Fec[Fai]
load T2:eacc[avji]
.I:Fca[Fjv] += DF:Fec[Fai] T2:eacc[avji]
drop T2:eacc[avji]
drop DF:Fec[Fai]
load DF:Fca[Fju]
.I:aa[uv] += I:Fca[Fjv] DF:Fca[Fju]
drop DF:Fca[Fju]
drop I:Fca[Fjv]
load Ym1:aa[uv]
.ECC[] += 2 * I:aa[uv] Ym1:aa[uv]
drop Ym1:aa[uv]
drop I:aa[uv]
load CSE9:aaaa[wvux]
load Ym2:aaaa[wxvu]
.ECC[] += 4 * CSE9:aaaa[wvux] Ym2:aaaa[wxvu]
.ECC[] += -2 * CSE9:aaaa[wvux] Ym2:aaaa[wxuv]
drop Ym2:aaaa[wxuv]
drop CSE9:aaaa[wvux]
alloc I:aa[vw]
alloc I:Faa[Fuw]
load DF:Fca[Fiw]
load T1:ac[ui]
.I:Faa[Fuw] += DF:Fca[Fiw] T1:ac[ui]
drop T1:ac[ui]
drop DF:Fca[Fiw]
load DF:Faa[Fuv]
.I:aa[vw] += I:Faa[Fuw] DF:Faa[Fuv]
drop DF:Faa[Fuv]
drop I:Faa[Fuw]
load Ym1:aa[wv]
.ECC[] += -2 * I:aa[vw] Ym1:aa[wv]
drop Ym1:aa[wv]
drop I:aa[vw]
alloc I:aa[uv]
alloc I:F[F]
load DF:Fec[Fai]
load T1s:ec[ai]
.I:F[F] += DF:Fec[Fai] T1s:ec[ai]
drop T1s:ec[ai]
drop DF:Fec[Fai]
load DF:Faa[Fuv]
.I:aa[uv] += I:F[F] DF:Faa[Fuv]
drop DF:Faa[Fuv]
drop I:F[F]
load Ym1:aa[uv]
.ECC[] += 4 * I:aa[uv] Ym1:aa[uv]
drop Ym1:aa[uv]
drop I:aa[uv]
load CSE10:aaaa[wvux]
load Ym2:aaaa[vxuw]
.ECC[] += -4 * CSE10:aaaa[wvux] Ym2:aaaa[vxuw]
drop Ym2:aaaa[vxuw]
drop CSE10:aaaa[wvux]
alloc I:aa[vw]
load DF:Faa[Fuv]
load CSE11:Faa[Fuw]
.I:aa[vw] += DF:Faa[Fuv] CSE11:Faa[Fuw]
drop CSE11:Faa[Fuw]
drop DF:Faa[Fuv]
load Ym1:aa[wv]
.ECC[] += -2 * I:aa[vw] Ym1:aa[wv]
drop Ym1:aa[wv]
drop I:aa[vw]
load CSE10:aaaa[wvux]
load Ym2:aaaa[uxwv]
.ECC[] += 2 * CSE10:aaaa[wvux] Ym2:aaaa[uxwv]
drop Ym2:aaaa[uxwv]
drop CSE10:aaaa[wvux]
store ECC[]


---- code("Residual")
alloc CSE1:aa[wu]
alloc I:aaaa[vwxy]
load DF:Faa[Fvw]
.I:aaaa[vwxy] += DF:Faa[Fvw] DF:Faa[Fxy]
drop DF:Faa[Fvw]
load Ym2:aaaa[uxyv]
.CSE1:aa[wu] += I:aaaa[vwxy] Ym2:aaaa[uxyv]
drop Ym2:aaaa[uxyv]
drop I:aaaa[vwxy]
store CSE1:aa[wu]

alloc CSE2:aa[xu]
alloc I:aaaa[vwxy]
load DF:Faa[Fvw]
.I:aaaa[vwxy] += DF:Faa[Fvw] DF:Faa[Fxy]
drop DF:Faa[Fvw]
load Ym2:aaaa[uwyv]
.CSE2:aa[xu] += I:aaaa[vwxy] Ym2:aaaa[uwyv]
drop Ym2:aaaa[uwyv]
drop I:aaaa[vwxy]
store CSE2:aa[xu]

alloc CSE3:aa[uv]
alloc I:Faa[Fuw]
load DF:Faa[Fux]
load Ym1:aa[xw]
.I:Faa[Fuw] += DF:Faa[Fux] Ym1:aa[xw]
drop Ym1:aa[xw]
.CSE3:aa[uv] += I:Faa[Fuw] DF:Faa[Fvw]
drop DF:Faa[Fvw]
drop I:Faa[Fuw]
store CSE3:aa[uv]

alloc CSE4:Faa[Fuw]
load DF:Faa[Fuv]
load Ym1:aa[vw]
.CSE4:Faa[Fuw] += DF:Faa[Fuv] Ym1:aa[vw]
drop Ym1:aa[vw]
drop DF:Faa[Fuv]
store CSE4:Faa[Fuw]

alloc CSE5:ca[iv]
load g:cc[ij]
load T1:ac[vj]
.CSE5:ca[iv] += g:cc[ij] T1:ac[vj]
drop T1:ac[vj]
drop g:cc[ij]
store CSE5:ca[iv]

alloc CSE6:aa[vu]
load f:aa[vw]
load Ym1:aa[uw]
.CSE6:aa[vu] += f:aa[vw] Ym1:aa[uw]
drop Ym1:aa[uw]
drop f:aa[vw]
store CSE6:aa[vu]

alloc CSE7:aa[xu]
alloc I:F[F]
load DF:Faa[Fvw]
load Ym1:aa[vw]
.I:F[F] += DF:Faa[Fvw] Ym1:aa[vw]
drop Ym1:aa[vw]
.CSE7:aa[xu] += I:F[F] DF:Faa[Fux]
drop DF:Faa[Fux]
drop I:F[F]
store CSE7:aa[xu]

alloc CSE8:F[F]
load DF:Faa[Fvw]
load Ym1:aa[vw]
.CSE8:F[F] += DF:Faa[Fvw] Ym1:aa[vw]
drop Ym1:aa[vw]
drop DF:Faa[Fvw]
store CSE8:F[F]

alloc CSE9:Faa[Fux]
load DF:Faa[Fvw]
load Ym2:aaaa[uwvx]
.CSE9:Faa[Fux] += DF:Faa[Fvw] Ym2:aaaa[uwvx]
drop Ym2:aaaa[uwvx]
drop DF:Faa[Fvw]
store CSE9:Faa[Fux]

alloc CSE10:Faa[Fux]
load DF:Faa[Fvw]
load Ym2:aaaa[uwxv]
.CSE10:Faa[Fux] += DF:Faa[Fvw] Ym2:aaaa[uwxv]
drop Ym2:aaaa[uwxv]
drop DF:Faa[Fvw]
store CSE10:Faa[Fux]

alloc R1:ac[ui]
load CSE2:aa[xu]
load T1:ac[xi]
.R1:ac[ui] += -2 * CSE2:aa[xu] T1:ac[xi]
drop T1:ac[xi]
drop CSE2:aa[xu]
load CSE1:aa[wu]
load T1:ac[wi]
.R1:ac[ui] += CSE1:aa[wu] T1:ac[wi]
drop T1:ac[wi]
drop CSE1:aa[wu]
load f:ca[iu]
.R1:ac[ui] += f:ca[iu]
drop f:ca[iu]
load CSE3:aa[uv]
load T1:ac[vi]
.R1:ac[ui] += -1 * CSE3:aa[uv] T1:ac[vi]
drop T1:ac[vi]
drop CSE3:aa[uv]
load CSE4:Faa[Fuw]
load DF:Fca[Fiw]
.R1:ac[ui] += -1 * CSE4:Faa[Fuw] DF:Fca[Fiw]
drop DF:Fca[Fiw]
drop CSE4:Faa[Fuw]
load CSE5:ca[iv]
load Ym1:aa[uv]
.R1:ac[ui] += CSE5:ca[iv] Ym1:aa[uv]
drop Ym1:aa[uv]
.R1:ac[ui] += -1 * CSE5:ca[iu]
drop CSE5:ca[iu]
load CSE6:aa[vu]
load T1:ac[vi]
.R1:ac[ui] += -1 * CSE6:aa[vu] T1:ac[vi]
drop T1:ac[vi]
drop CSE6:aa[vu]
load f:aa[uv]
load T1:ac[vi]
.R1:ac[ui] += f:aa[uv] T1:ac[vi]
drop T1:ac[vi]
drop f:aa[uv]
load CSE7:aa[xu]
load T1:ac[xi]
.R1:ac[ui] += 2 * CSE7:aa[xu] T1:ac[xi]
drop T1:ac[xi]
drop CSE7:aa[xu]
load CSE8:F[F]
load DF:Fca[Fiu]
.R1:ac[ui] += 2 * CSE8:F[F] DF:Fca[Fiu]
drop DF:Fca[Fiu]
drop CSE8:F[F]
load CSE9:Faa[Fux]
load DF:Fca[Fix]
.R1:ac[ui] += CSE9:Faa[Fux] DF:Fca[Fix]
drop DF:Fca[Fix]
drop CSE9:Faa[Fux]
load f:ca[iv]
load Ym1:aa[uv]
.R1:ac[ui] += -1 * f:ca[iv] Ym1:aa[uv]
drop Ym1:aa[uv]
drop f:ca[iv]
load CSE10:Faa[Fux]
load DF:Fca[Fix]
.R1:ac[ui] += -2 * CSE10:Faa[Fux] DF:Fca[Fix]
drop DF:Fca[Fix]
drop CSE10:Faa[Fux]
store R1:ac[ui]

alloc CSE11:aa[wu]
alloc I:aaaa[vwxy]
load DF:Faa[Fvw]
.I:aaaa[vwxy] += DF:Faa[Fvw] DF:Faa[Fxy]
drop DF:Faa[Fvw]
load Ym2:aaaa[yvux]
.CSE11:aa[wu] += I:aaaa[vwxy] Ym2:aaaa[yvux]
drop Ym2:aaaa[yvux]
drop I:aaaa[vwxy]
store CSE11:aa[wu]

alloc CSE12:aa[xu]
alloc I:aaaa[vwxy]
load DF:Faa[Fvw]
.I:aaaa[vwxy] += DF:Faa[Fvw] DF:Faa[Fxy]
drop DF:Faa[Fvw]
load Ym2:aaaa[ywuv]
.CSE12:aa[xu] += I:aaaa[vwxy] Ym2:aaaa[ywuv]
drop Ym2:aaaa[ywuv]
drop I:aaaa[vwxy]
store CSE12:aa[xu]

alloc CSE13:aa[wu]
load f:aa[vw]
load Ym1:aa[vu]
.CSE13:aa[wu] += f:aa[vw] Ym1:aa[vu]
drop Ym1:aa[vu]
drop f:aa[vw]
store CSE13:aa[wu]

alloc R1:ea[au]
load CSE12:aa[xu]
load T1:ea[ax]
.R1:ea[au] += -2 * CSE12:aa[xu] T1:ea[ax]
drop T1:ea[ax]
drop CSE12:aa[xu]
load CSE11:aa[wu]
load T1:ea[aw]
.R1:ea[au] += CSE11:aa[wu] T1:ea[aw]
drop T1:ea[aw]
drop CSE11:aa[wu]
load CSE13:aa[wu]
load T1:ea[aw]
.R1:ea[au] += -1 * CSE13:aa[wu] T1:ea[aw]
drop T1:ea[aw]
drop CSE13:aa[wu]
load DF:Fea[Fav]
load CSE9:Faa[Fvu]
.R1:ea[au] += -1 * DF:Fea[Fav] CSE9:Faa[Fvu]
drop CSE9:Faa[Fvu]
drop DF:Fea[Fav]
alloc I:ea[av]
load g:ee[ab]
load T1:ea[bv]
.I:ea[av] += g:ee[ab] T1:ea[bv]
drop T1:ea[bv]
drop g:ee[ab]
load Ym1:aa[vu]
.R1:ea[au] += I:ea[av] Ym1:aa[vu]
drop Ym1:aa[vu]
drop I:ea[av]
load DF:Fea[Fav]
load CSE10:Faa[Fvu]
.R1:ea[au] += 2 * DF:Fea[Fav] CSE10:Faa[Fvu]
drop CSE10:Faa[Fvu]
drop DF:Fea[Fav]
load f:ea[av]
load Ym1:aa[vu]
.R1:ea[au] += f:ea[av] Ym1:aa[vu]
drop Ym1:aa[vu]
drop f:ea[av]
store R1:ea[au]

alloc CSE14:ec[ai]
load g:ee[ab]
load T1s:ec[bi]
.CSE14:ec[ai] += g:ee[ab] T1s:ec[bi]
drop T1s:ec[bi]
drop g:ee[ab]
store CSE14:ec[ai]

alloc CSE15:ec[ai]
load g:cc[ij]
load T1s:ec[aj]
.CSE15:ec[ai] += g:cc[ij] T1s:ec[aj]
drop T1s:ec[aj]
drop g:cc[ij]
store CSE15:ec[ai]

alloc CSE16:Fca[Fiu]
load DF:Fca[Fiv]
load Ym1:aa[uv]
.CSE16:Fca[Fiu] += DF:Fca[Fiv] Ym1:aa[uv]
drop Ym1:aa[uv]
drop DF:Fca[Fiv]
store CSE16:Fca[Fiu]

alloc CSE17:ec[bi]
load T2:eaca[buiv]
load Ym1:aa[vu]
.CSE17:ec[bi] += T2:eaca[buiv] Ym1:aa[vu]
drop Ym1:aa[vu]
drop T2:eaca[buiv]
store CSE17:ec[bi]

alloc CSE18:ec[bi]
load T2:eaac[buvi]
load Ym1:aa[vu]
.CSE18:ec[bi] += T2:eaac[buvi] Ym1:aa[vu]
drop Ym1:aa[vu]
drop T2:eaac[buvi]
store CSE18:ec[bi]

alloc R2:ec[ai]
load CSE2:aa[uy]
load T2:eaca[auiy]
.R2:ec[ai] += 4 * CSE2:aa[uy] T2:eaca[auiy]
drop T2:eaca[auiy]
load T2:eaac[axyi]
.R2:ec[ai] += -2 * CSE2:aa[xy] T2:eaac[axyi]
drop T2:eaac[axyi]
drop CSE2:aa[xy]
load CSE11:aa[uy]
load T2:eaac[ayui]
.R2:ec[ai] += -1 * CSE11:aa[uy] T2:eaac[ayui]
drop T2:eaac[ayui]
load T2:eaca[ayiu]
.R2:ec[ai] += 2 * CSE11:aa[uy] T2:eaca[ayiu]
drop T2:eaca[ayiu]
drop CSE11:aa[uy]
load CSE12:aa[wy]
load T2:eaac[aywi]
.R2:ec[ai] += 2 * CSE12:aa[wy] T2:eaac[aywi]
drop T2:eaac[aywi]
load T2:eaca[ayiu]
.R2:ec[ai] += -4 * CSE12:aa[uy] T2:eaca[ayiu]
drop T2:eaca[ayiu]
drop CSE12:aa[uy]
load CSE1:aa[uy]
load T2:eaca[auiy]
.R2:ec[ai] += -2 * CSE1:aa[uy] T2:eaca[auiy]
drop T2:eaca[auiy]
load T2:eaac[axyi]
.R2:ec[ai] += CSE1:aa[xy] T2:eaac[axyi]
drop T2:eaac[axyi]
drop CSE1:aa[xy]
load CSE8:F[F]
load DF:Fec[Fai]
.R2:ec[ai] += 2 * CSE8:F[F] DF:Fec[Fai]
drop DF:Fec[Fai]
drop CSE8:F[F]
load CSE14:ec[ai]
.R2:ec[ai] += CSE14:ec[ai]
drop CSE14:ec[ai]
load CSE13:aa[uw]
load T2:eaca[awiu]
.R2:ec[ai] += -2 * CSE13:aa[uw] T2:eaca[awiu]
drop T2:eaca[awiu]
load T2:eaac[awui]
.R2:ec[ai] += CSE13:aa[uw] T2:eaac[awui]
drop T2:eaac[awui]
drop CSE13:aa[uw]
load CSE6:aa[uw]
load T2:eaca[auiw]
.R2:ec[ai] += 2 * CSE6:aa[uw] T2:eaca[auiw]
drop T2:eaca[auiw]
load T2:eaac[avwi]
.R2:ec[ai] += -1 * CSE6:aa[vw] T2:eaac[avwi]
drop T2:eaac[avwi]
drop CSE6:aa[vw]
load CSE15:ec[ai]
.R2:ec[ai] += -1 * CSE15:ec[ai]
drop CSE15:ec[ai]
load DF:Fea[Fau]
load CSE16:Fca[Fiu]
.R2:ec[ai] += -1 * DF:Fea[Fau] CSE16:Fca[Fiu]
drop CSE16:Fca[Fiu]
drop DF:Fea[Fau]
load g:ee[ab]
load CSE17:ec[bi]
.R2:ec[ai] += 2 * g:ee[ab] CSE17:ec[bi]
drop CSE17:ec[bi]
drop g:ee[ab]
load g:cc[ij]
load CSE17:ec[aj]
.R2:ec[ai] += -2 * g:cc[ij] CSE17:ec[aj]
drop CSE17:ec[aj]
drop g:cc[ij]
load g:ee[ab]
load CSE18:ec[bi]
.R2:ec[ai] += -1 * g:ee[ab] CSE18:ec[bi]
drop CSE18:ec[bi]
drop g:ee[ab]
load g:cc[ij]
load CSE18:ec[aj]
.R2:ec[ai] += g:cc[ij] CSE18:ec[aj]
drop CSE18:ec[aj]
drop g:cc[ij]
load f:ec[ai]
.R2:ec[ai] += f:ec[ai]
drop f:ec[ai]
store R2:ec[ai]

alloc R1:ec[ai]
load R2:ec[ai]
.R1:ec[ai] += R2:ec[ai]
drop R2:ec[ai]
store R1:ec[ai]

alloc CSE19:aaaa[wyuv]
load f:aa[wx]
load Ym2:aaaa[xyvu]
.CSE19:aaaa[wyuv] += f:aa[wx] Ym2:aaaa[xyvu]
drop Ym2:aaaa[xyvu]
drop f:aa[wx]
store CSE19:aaaa[wyuv]

alloc CSE20:aaaa[ywvu]
alloc I:aaaa[wxyz]
load DF:Faa[Fwx]
.I:aaaa[wxyz] += DF:Faa[Fwx] DF:Faa[Fyz]
drop DF:Faa[Fwx]
load Ym2:aaaa[xzuv]
.CSE20:aaaa[ywvu] += I:aaaa[wxyz] Ym2:aaaa[xzuv]
drop Ym2:aaaa[xzuv]
drop I:aaaa[wxyz]
store CSE20:aaaa[ywvu]

alloc R2u:eeaa[abuv]
alloc I:eeaa[abwx]
load g:ee[ac]
load T2:eeaa[bcxw]
.I:eeaa[abwx] += g:ee[ac] T2:eeaa[bcxw]
drop T2:eeaa[bcxw]
drop g:ee[ac]
load Ym2:aaaa[wxuv]
.R2u:eeaa[abuv] += 2 * I:eeaa[abwx] Ym2:aaaa[wxuv]
drop Ym2:aaaa[wxuv]
drop I:eeaa[abwx]
alloc I:eeaa[abwx]
load DF:Fea[Faw]
.I:eeaa[abwx] += DF:Fea[Faw] DF:Fea[Fbx]
drop DF:Fea[Faw]
load Ym2:aaaa[wxuv]
.R2u:eeaa[abuv] += I:eeaa[abwx] Ym2:aaaa[wxuv]
drop Ym2:aaaa[wxuv]
drop I:eeaa[abwx]
load CSE19:aaaa[wyuv]
load T2:eeaa[abyw]
.R2u:eeaa[abuv] += -2 * CSE19:aaaa[wyuv] T2:eeaa[abyw]
drop T2:eeaa[abyw]
drop CSE19:aaaa[wyuv]
load CSE20:aaaa[ywvu]
load T2:eeaa[abwy]
.R2u:eeaa[abuv] += -1 * CSE20:aaaa[ywvu] T2:eeaa[abwy]
drop T2:eeaa[abwy]
drop CSE20:aaaa[ywvu]
store R2u:eeaa[abuv]

alloc R2:eeaa[abuv]
load R2u:eeaa[abuv]
.R2:eeaa[abuv] += 1/2 * R2u:eeaa[abuv]
.R2:eeaa[abuv] += 1/2 * R2u:eeaa[bavu]
drop R2u:eeaa[bavu]
store R2:eeaa[abuv]

alloc R2u:eecc[abij]
load g:cc[jk]
load T2:eecc[abik]
.R2u:eecc[abij] += -2 * g:cc[jk] T2:eecc[abik]
drop T2:eecc[abik]
drop g:cc[jk]
load DF:Fec[Fai]
.R2u:eecc[abij] += DF:Fec[Fai] DF:Fec[Fbj]
drop DF:Fec[Fai]
load g:ee[ac]
load T2:eecc[bcji]
.R2u:eecc[abij] += 2 * g:ee[ac] T2:eecc[bcji]
drop T2:eecc[bcji]
drop g:ee[ac]
store R2u:eecc[abij]

alloc R2:eecc[abij]
load R2u:eecc[abij]
.R2:eecc[abij] += 1/2 * R2u:eecc[abij]
.R2:eecc[abij] += 1/2 * R2u:eecc[baji]
drop R2u:eecc[baji]
store R2:eecc[abij]

alloc CSE21:aaaa[xwzy]
load DF:Faa[Fwx]
.CSE21:aaaa[xwzy] += DF:Faa[Fwx] DF:Faa[Fyz]
drop DF:Faa[Fwx]
store CSE21:aaaa[xwzy]

alloc CSE22:aaaa[wvuz]
alloc I:aaaa[vwxy]
load DF:Faa[Fvw]
.I:aaaa[vwxy] += DF:Faa[Fvw] DF:Faa[Fxy]
drop DF:Faa[Fvw]
load Ym2:aaaa[uyxz]
.CSE22:aaaa[wvuz] += I:aaaa[vwxy] Ym2:aaaa[uyxz]
drop Ym2:aaaa[uyxz]
drop I:aaaa[vwxy]
store CSE22:aaaa[wvuz]

alloc CSE23:aaaa[wvuz]
alloc I:aaaa[vwxy]
load DF:Faa[Fvy]
.I:aaaa[vwxy] += DF:Faa[Fvy] DF:Faa[Fwx]
drop DF:Faa[Fvy]
load Ym2:aaaa[uyxz]
.CSE23:aaaa[wvuz] += I:aaaa[vwxy] Ym2:aaaa[uyxz]
drop Ym2:aaaa[uyxz]
drop I:aaaa[vwxy]
store CSE23:aaaa[wvuz]

alloc CSE24:aaaa[wvuz]
alloc I:aaaa[vwxy]
load DF:Faa[Fvy]
.I:aaaa[vwxy] += DF:Faa[Fvy] DF:Faa[Fwx]
drop DF:Faa[Fvy]
load Ym2:aaaa[uyzx]
.CSE24:aaaa[wvuz] += I:aaaa[vwxy] Ym2:aaaa[uyzx]
drop Ym2:aaaa[uyzx]
drop I:aaaa[vwxy]
store CSE24:aaaa[wvuz]

alloc CSE25:aaaa[wvuz]
alloc I:aaaa[vwxy]
load DF:Faa[Fvw]
.I:aaaa[vwxy] += DF:Faa[Fvw] DF:Faa[Fxy]
drop DF:Faa[Fvw]
load Ym2:aaaa[uyzx]
.CSE25:aaaa[wvuz] += I:aaaa[vwxy] Ym2:aaaa[uyzx]
drop Ym2:aaaa[uyzx]
drop I:aaaa[vwxy]
store CSE25:aaaa[wvuz]

alloc CSE26:ccaa[jiuw]
load g:cc[jk]
load T2:aacc[uwik]
.CSE26:ccaa[jiuw] += g:cc[jk] T2:aacc[uwik]
drop T2:aacc[uwik]
drop g:cc[jk]
store CSE26:ccaa[jiuw]

alloc CSE27:ccaa[ijvu]
load f:aa[vw]
load T2:aacc[uwij]
.CSE27:ccaa[ijvu] += f:aa[vw] T2:aacc[uwij]
drop T2:aacc[uwij]
drop f:aa[vw]
store CSE27:ccaa[ijvu]

alloc CSE28:aaaa[wvuy]
load f:aa[wx]
load Ym2:aaaa[uvxy]
.CSE28:aaaa[wvuy] += f:aa[wx] Ym2:aaaa[uvxy]
drop Ym2:aaaa[uvxy]
drop f:aa[wx]
store CSE28:aaaa[wvuy]

alloc CSE29:ccaa[jivu]
load DF:Fca[Fiu]
.CSE29:ccaa[jivu] += DF:Fca[Fiu] DF:Fca[Fjv]
drop DF:Fca[Fiu]
store CSE29:ccaa[jivu]

alloc R2u:aacc[uvij]
alloc I:aaaa[uvwy]
load CSE21:aaaa[xwzy]
load Ym2:aaaa[uvxz]
.I:aaaa[uvwy] += CSE21:aaaa[xwzy] Ym2:aaaa[uvxz]
drop Ym2:aaaa[uvxz]
drop CSE21:aaaa[xwzy]
load T2:aacc[wyij]
.R2u:aacc[uvij] += I:aaaa[uvwy] T2:aacc[wyij]
drop T2:aacc[wyij]
drop I:aaaa[uvwy]
load CSE22:aaaa[wvuz]
load T2:aacc[wzji]
.R2u:aacc[uvij] += 2 * CSE22:aaaa[wvuz] T2:aacc[wzji]
drop T2:aacc[wzji]
drop CSE22:aaaa[wvuz]
alloc I:aaaa[uvwy]
load CSE21:aaaa[wuxv]
load Ym1:aa[xy]
.I:aaaa[uvwy] += CSE21:aaaa[wuxv] Ym1:aa[xy]
drop Ym1:aa[xy]
drop CSE21:aaaa[wuxv]
load T2:aacc[wyij]
.R2u:aacc[uvij] += -2 * I:aaaa[uvwy] T2:aacc[wyij]
drop T2:aacc[wyij]
drop I:aaaa[uvwy]
load CSE21:aaaa[wuxv]
load T2:aacc[wxij]
.R2u:aacc[uvij] += CSE21:aaaa[wuxv] T2:aacc[wxij]
drop T2:aacc[wxij]
drop CSE21:aaaa[wuxv]
load CSE23:aaaa[wvuz]
load T2:aacc[wzij]
.R2u:aacc[uvij] += 2 * CSE23:aaaa[wvuz] T2:aacc[wzij]
drop T2:aacc[wzij]
drop CSE23:aaaa[wvuz]
load CSE2:aa[wv]
load T2:aacc[uwij]
.R2u:aacc[uvij] += -4 * CSE2:aa[wv] T2:aacc[uwij]
drop T2:aacc[uwij]
drop CSE2:aa[wv]
load CSE1:aa[wv]
load T2:aacc[uwij]
.R2u:aacc[uvij] += 2 * CSE1:aa[wv] T2:aacc[uwij]
drop T2:aacc[uwij]
drop CSE1:aa[wv]
load CSE24:aaaa[wvuz]
load T2:aacc[wzji]
.R2u:aacc[uvij] += 2 * CSE24:aaaa[wvuz] T2:aacc[wzji]
drop T2:aacc[wzji]
drop CSE24:aaaa[wvuz]
alloc I:aaaa[uvwx]
load CSE21:aaaa[wuyx]
load Ym1:aa[vy]
.I:aaaa[uvwx] += CSE21:aaaa[wuyx] Ym1:aa[vy]
drop Ym1:aa[vy]
drop CSE21:aaaa[wuyx]
load T2:aacc[wxij]
.R2u:aacc[uvij] += -2 * I:aaaa[uvwx] T2:aacc[wxij]
drop T2:aacc[wxij]
drop I:aaaa[uvwx]
load CSE25:aaaa[wvuz]
load T2:aacc[wzji]
.R2u:aacc[uvij] += -4 * CSE25:aaaa[wvuz] T2:aacc[wzji]
drop T2:aacc[wzji]
drop CSE25:aaaa[wvuz]
load CSE26:ccaa[jiuw]
load Ym1:aa[vw]
.R2u:aacc[uvij] += 2 * CSE26:ccaa[jiuw] Ym1:aa[vw]
.R2u:aacc[uvij] += 2 * CSE26:ccaa[ijwu] Ym1:aa[vw]
drop Ym1:aa[vw]
load Ym2:aaaa[uvwx]
.R2u:aacc[uvij] += -2 * CSE26:ccaa[jiwx] Ym2:aaaa[uvwx]
drop Ym2:aaaa[uvwx]
.R2u:aacc[uvij] += -2 * CSE26:ccaa[jiuv]
drop CSE26:ccaa[jiuv]
load CSE3:aa[vx]
load T2:aacc[uxij]
.R2u:aacc[uvij] += -2 * CSE3:aa[vx] T2:aacc[uxij]
drop T2:aacc[uxij]
drop CSE3:aa[vx]
load CSE27:ccaa[ijvu]
.R2u:aacc[uvij] += 2 * CSE27:ccaa[ijvu]
load Ym1:aa[vx]
.R2u:aacc[uvij] += -2 * CSE27:ccaa[jiux] Ym1:aa[vx]
drop Ym1:aa[vx]
drop CSE27:ccaa[jiux]
load CSE28:aaaa[wvuy]
load T2:aacc[wyij]
.R2u:aacc[uvij] += 2 * CSE28:aaaa[wvuy] T2:aacc[wyij]
drop T2:aacc[wyij]
drop CSE28:aaaa[wvuy]
load CSE29:ccaa[jivu]
.R2u:aacc[uvij] += CSE29:ccaa[jivu]
load Ym1:aa[vw]
.R2u:aacc[uvij] += -2 * CSE29:ccaa[jiwu] Ym1:aa[vw]
drop Ym1:aa[vw]
load Ym2:aaaa[uvwx]
.R2u:aacc[uvij] += CSE29:ccaa[jixw] Ym2:aaaa[uvwx]
drop Ym2:aaaa[uvwx]
drop CSE29:ccaa[jixw]
load CSE6:aa[wv]
load T2:aacc[uwij]
.R2u:aacc[uvij] += -2 * CSE6:aa[wv] T2:aacc[uwij]
drop T2:aacc[uwij]
drop CSE6:aa[wv]
load CSE7:aa[wv]
load T2:aacc[uwij]
.R2u:aacc[uvij] += 4 * CSE7:aa[wv] T2:aacc[uwij]
drop T2:aacc[uwij]
drop CSE7:aa[wv]
store R2u:aacc[uvij]

alloc R2:aacc[uvij]
load R2u:aacc[uvij]
.R2:aacc[uvij] += 1/2 * R2u:aacc[uvij]
.R2:aacc[uvij] += 1/2 * R2u:aacc[vuji]
drop R2u:aacc[vuji]
store R2:aacc[uvij]

alloc R2:eeca[baiu]
alloc I:eeca[abiv]
load g:ee[ac]
load T2:eeca[bciv]
.I:eeca[abiv] += g:ee[ac] T2:eeca[bciv]
drop T2:eeca[bciv]
drop g:ee[ac]
load Ym1:aa[vu]
.R2:eeca[baiu] += I:eeca[abiv] Ym1:aa[vu]
drop Ym1:aa[vu]
drop I:eeca[abiv]
load CSE12:aa[xu]
load T2:eeca[baix]
.R2:eeca[baiu] += -2 * CSE12:aa[xu] T2:eeca[baix]
drop T2:eeca[baix]
drop CSE12:aa[xu]
load CSE11:aa[vu]
load T2:eeca[baiv]
.R2:eeca[baiu] += CSE11:aa[vu] T2:eeca[baiv]
drop T2:eeca[baiv]
drop CSE11:aa[vu]
load CSE13:aa[vu]
load T2:eeca[baiv]
.R2:eeca[baiu] += -1 * CSE13:aa[vu] T2:eeca[baiv]
drop T2:eeca[baiv]
drop CSE13:aa[vu]
alloc I:eeca[abiv]
load g:ee[bc]
load T2:eeca[caiv]
.I:eeca[abiv] += g:ee[bc] T2:eeca[caiv]
drop T2:eeca[caiv]
drop g:ee[bc]
load Ym1:aa[vu]
.R2:eeca[baiu] += I:eeca[abiv] Ym1:aa[vu]
drop Ym1:aa[vu]
drop I:eeca[abiv]
alloc I:Fea[Fau]
load DF:Fea[Fav]
load Ym1:aa[vu]
.I:Fea[Fau] += DF:Fea[Fav] Ym1:aa[vu]
drop Ym1:aa[vu]
drop DF:Fea[Fav]
load DF:Fec[Fbi]
.R2:eeca[baiu] += I:Fea[Fau] DF:Fec[Fbi]
drop DF:Fec[Fbi]
drop I:Fea[Fau]
alloc I:eeca[abiv]
load g:cc[ij]
load T2:eeca[bajv]
.I:eeca[abiv] += g:cc[ij] T2:eeca[bajv]
drop T2:eeca[bajv]
drop g:cc[ij]
load Ym1:aa[vu]
.R2:eeca[baiu] += -1 * I:eeca[abiv] Ym1:aa[vu]
drop Ym1:aa[vu]
drop I:eeca[abiv]
store R2:eeca[baiu]

alloc CSE30:ecaa[aivw]
load g:cc[ij]
load T2:eaac[avwj]
.CSE30:ecaa[aivw] += g:cc[ij] T2:eaac[avwj]
drop T2:eaac[avwj]
drop g:cc[ij]
store CSE30:ecaa[aivw]

alloc CSE31:ecaa[aivw]
load g:ee[ab]
load T2:eaac[bvwi]
.CSE31:ecaa[aivw] += g:ee[ab] T2:eaac[bvwi]
drop T2:eaac[bvwi]
drop g:ee[ab]
store CSE31:ecaa[aivw]

alloc CSE32:ecaa[aivw]
load DF:Fea[Faw]
load DF:Fca[Fiv]
.CSE32:ecaa[aivw] += DF:Fea[Faw] DF:Fca[Fiv]
drop DF:Fca[Fiv]
drop DF:Fea[Faw]
store CSE32:ecaa[aivw]

alloc R2:eaac[avui]
load CSE30:ecaa[aivw]
load Ym1:aa[wu]
.R2:eaac[avui] += -1 * CSE30:ecaa[aivw] Ym1:aa[wu]
drop Ym1:aa[wu]
load Ym2:aaaa[vxwu]
.R2:eaac[avui] += CSE30:ecaa[aiwx] Ym2:aaaa[vxwu]
drop Ym2:aaaa[vxwu]
drop CSE30:ecaa[aiwx]
load CSE19:aaaa[wvyu]
load T2:eaac[aywi]
.R2:eaac[avui] += CSE19:aaaa[wvyu] T2:eaac[aywi]
drop T2:eaac[aywi]
drop CSE19:aaaa[wvyu]
load CSE24:aaaa[yvzu]
load T2:eaac[ayzi]
.R2:eaac[avui] += -1 * CSE24:aaaa[yvzu] T2:eaac[ayzi]
drop T2:eaac[ayzi]
drop CSE24:aaaa[yvzu]
load CSE11:aa[wu]
load T2:eaac[avwi]
.R2:eaac[avui] += CSE11:aa[wu] T2:eaac[avwi]
drop T2:eaac[avwi]
drop CSE11:aa[wu]
load CSE25:aaaa[yvzu]
load T2:eaac[ayzi]
.R2:eaac[avui] += 2 * CSE25:aaaa[yvzu] T2:eaac[ayzi]
drop T2:eaac[ayzi]
drop CSE25:aaaa[yvzu]
load CSE22:aaaa[yvzu]
load T2:eaac[ayzi]
.R2:eaac[avui] += -1 * CSE22:aaaa[yvzu] T2:eaac[ayzi]
drop T2:eaac[ayzi]
drop CSE22:aaaa[yvzu]
load CSE12:aa[yu]
load T2:eaac[avyi]
.R2:eaac[avui] += -2 * CSE12:aa[yu] T2:eaac[avyi]
drop T2:eaac[avyi]
drop CSE12:aa[yu]
load CSE20:aaaa[wvuz]
load T2:eaac[azwi]
.R2:eaac[avui] += CSE20:aaaa[wvuz] T2:eaac[azwi]
drop T2:eaac[azwi]
drop CSE20:aaaa[wvuz]
load CSE31:ecaa[aivw]
load Ym1:aa[wu]
.R2:eaac[avui] += CSE31:ecaa[aivw] Ym1:aa[wu]
drop Ym1:aa[wu]
load Ym2:aaaa[vxwu]
.R2:eaac[avui] += -1 * CSE31:ecaa[aiwx] Ym2:aaaa[vxwu]
drop Ym2:aaaa[vxwu]
drop CSE31:ecaa[aiwx]
load CSE32:ecaa[aivw]
load Ym1:aa[wu]
.R2:eaac[avui] += CSE32:ecaa[aivw] Ym1:aa[wu]
drop Ym1:aa[wu]
load Ym2:aaaa[vwxu]
.R2:eaac[avui] += -1 * CSE32:ecaa[aixw] Ym2:aaaa[vwxu]
drop Ym2:aaaa[vwxu]
drop CSE32:ecaa[aixw]
load CSE13:aa[wu]
load T2:eaac[avwi]
.R2:eaac[avui] += -1 * CSE13:aa[wu] T2:eaac[avwi]
drop T2:eaac[avwi]
drop CSE13:aa[wu]
load CSE28:aaaa[xyvu]
load T2:eaac[axyi]
.R2:eaac[avui] += -1 * CSE28:aaaa[xyvu] T2:eaac[axyi]
drop T2:eaac[axyi]
drop CSE28:aaaa[xyvu]
alloc I:ecaa[aivx]
load f:aa[vw]
load T2:eaac[awxi]
.I:ecaa[aivx] += f:aa[vw] T2:eaac[awxi]
drop T2:eaac[awxi]
drop f:aa[vw]
load Ym1:aa[xu]
.R2:eaac[avui] += I:ecaa[aivx] Ym1:aa[xu]
drop Ym1:aa[xu]
drop I:ecaa[aivx]
store R2:eaac[avui]

alloc CSE33:ecaa[aivw]
load g:ee[ab]
load T2:eaca[bviw]
.CSE33:ecaa[aivw] += g:ee[ab] T2:eaca[bviw]
drop T2:eaca[bviw]
drop g:ee[ab]
store CSE33:ecaa[aivw]

alloc CSE34:ecaa[aiwx]
load g:cc[ij]
load T2:eaca[awjx]
.CSE34:ecaa[aiwx] += g:cc[ij] T2:eaca[awjx]
drop T2:eaca[awjx]
drop g:cc[ij]
store CSE34:ecaa[aiwx]

alloc R2:eaca[aviu]
load CSE23:aaaa[yvzu]
load T2:eaac[ayzi]
.R2:eaca[aviu] += -1 * CSE23:aaaa[yvzu] T2:eaac[ayzi]
drop T2:eaac[ayzi]
drop CSE23:aaaa[yvzu]
load CSE11:aa[wu]
load T2:eaca[aviw]
.R2:eaca[aviu] += CSE11:aa[wu] T2:eaca[aviw]
drop T2:eaca[aviw]
drop CSE11:aa[wu]
load CSE23:aaaa[wvzu]
load T2:eaca[awiz]
.R2:eaca[aviu] += 2 * CSE23:aaaa[wvzu] T2:eaca[awiz]
drop T2:eaca[awiz]
drop CSE23:aaaa[wvzu]
load CSE20:aaaa[xvzu]
load T2:eaac[azxi]
.R2:eaca[aviu] += CSE20:aaaa[xvzu] T2:eaac[azxi]
drop T2:eaac[azxi]
load T2:eaca[azix]
.R2:eaca[aviu] += CSE20:aaaa[xvuz] T2:eaca[azix]
.R2:eaca[aviu] += -2 * CSE20:aaaa[wvzu] T2:eaca[aziw]
drop T2:eaca[aziw]
drop CSE20:aaaa[wvzu]
load CSE22:aaaa[wvzu]
load T2:eaca[awiz]
.R2:eaca[aviu] += -1 * CSE22:aaaa[wvzu] T2:eaca[awiz]
drop T2:eaca[awiz]
drop CSE22:aaaa[wvzu]
load CSE24:aaaa[wvzu]
load T2:eaca[awiz]
.R2:eaca[aviu] += -1 * CSE24:aaaa[wvzu] T2:eaca[awiz]
drop T2:eaca[awiz]
drop CSE24:aaaa[wvzu]
load CSE12:aa[yu]
load T2:eaca[aviy]
.R2:eaca[aviu] += -2 * CSE12:aa[yu] T2:eaca[aviy]
drop T2:eaca[aviy]
drop CSE12:aa[yu]
load CSE25:aaaa[yvzu]
load T2:eaca[ayiz]
.R2:eaca[aviu] += 2 * CSE25:aaaa[yvzu] T2:eaca[ayiz]
drop T2:eaca[ayiz]
drop CSE25:aaaa[yvzu]
alloc I:ecaa[aivx]
load f:aa[vw]
load T2:eaca[awix]
.I:ecaa[aivx] += f:aa[vw] T2:eaca[awix]
drop T2:eaca[awix]
drop f:aa[vw]
load Ym1:aa[xu]
.R2:eaca[aviu] += I:ecaa[aivx] Ym1:aa[xu]
drop Ym1:aa[xu]
drop I:ecaa[aivx]
load CSE15:ec[ai]
load Ym1:aa[vu]
.R2:eaca[aviu] += -1 * CSE15:ec[ai] Ym1:aa[vu]
drop Ym1:aa[vu]
drop CSE15:ec[ai]
load CSE33:ecaa[aivw]
load Ym1:aa[wu]
.R2:eaca[aviu] += CSE33:ecaa[aivw] Ym1:aa[wu]
drop Ym1:aa[wu]
load Ym2:aaaa[vxwu]
.R2:eaca[aviu] += -1 * CSE33:ecaa[aiwx] Ym2:aaaa[vxwu]
.R2:eaca[aviu] += 2 * CSE33:ecaa[aiwx] Ym2:aaaa[vxuw]
drop Ym2:aaaa[vxuw]
drop CSE33:ecaa[aiwx]
load CSE28:aaaa[xvyu]
load T2:eaac[axyi]
.R2:eaca[aviu] += -1 * CSE28:aaaa[xvyu] T2:eaac[axyi]
drop T2:eaac[axyi]
load T2:eaca[awiy]
.R2:eaca[aviu] += -1 * CSE28:aaaa[wyvu] T2:eaca[awiy]
.R2:eaca[aviu] += 2 * CSE28:aaaa[wvyu] T2:eaca[awiy]
drop T2:eaca[awiy]
drop CSE28:aaaa[wvyu]
load CSE13:aa[wu]
load T2:eaca[aviw]
.R2:eaca[aviu] += -1 * CSE13:aa[wu] T2:eaca[aviw]
drop T2:eaca[aviw]
drop CSE13:aa[wu]
load CSE19:aaaa[wvuy]
load T2:eaac[aywi]
.R2:eaca[aviu] += CSE19:aaaa[wvuy] T2:eaac[aywi]
drop T2:eaac[aywi]
load T2:eaca[ayiw]
.R2:eaca[aviu] += CSE19:aaaa[wvyu] T2:eaca[ayiw]
.R2:eaca[aviu] += -2 * CSE19:aaaa[wvuy] T2:eaca[ayiw]
drop T2:eaca[ayiw]
drop CSE19:aaaa[wvuy]
load CSE34:ecaa[aiwx]
load Ym2:aaaa[vxwu]
.R2:eaca[aviu] += CSE34:ecaa[aiwx] Ym2:aaaa[vxwu]
.R2:eaca[aviu] += -2 * CSE34:ecaa[aiwx] Ym2:aaaa[vxuw]
drop Ym2:aaaa[vxuw]
load Ym1:aa[wu]
.R2:eaca[aviu] += -1 * CSE34:ecaa[aivw] Ym1:aa[wu]
drop Ym1:aa[wu]
drop CSE34:ecaa[aivw]
load CSE9:Faa[Fvu]
load DF:Fec[Fai]
.R2:eaca[aviu] += -1 * CSE9:Faa[Fvu] DF:Fec[Fai]
drop DF:Fec[Fai]
drop CSE9:Faa[Fvu]
load CSE4:Faa[Fvu]
load DF:Fec[Fai]
.R2:eaca[aviu] += CSE4:Faa[Fvu] DF:Fec[Fai]
drop DF:Fec[Fai]
drop CSE4:Faa[Fvu]
load CSE14:ec[ai]
load Ym1:aa[vu]
.R2:eaca[aviu] += CSE14:ec[ai] Ym1:aa[vu]
drop Ym1:aa[vu]
drop CSE14:ec[ai]
load CSE30:ecaa[aiwx]
load Ym2:aaaa[vxuw]
.R2:eaca[aviu] += CSE30:ecaa[aiwx] Ym2:aaaa[vxuw]
drop Ym2:aaaa[vxuw]
drop CSE30:ecaa[aiwx]
load f:ec[ai]
load Ym1:aa[vu]
.R2:eaca[aviu] += f:ec[ai] Ym1:aa[vu]
drop Ym1:aa[vu]
drop f:ec[ai]
load CSE32:ecaa[aixw]
load Ym2:aaaa[vwux]
.R2:eaca[aviu] += -1 * CSE32:ecaa[aixw] Ym2:aaaa[vwux]
drop Ym2:aaaa[vwux]
drop CSE32:ecaa[aixw]
load CSE31:ecaa[aiwx]
load Ym2:aaaa[vxuw]
.R2:eaca[aviu] += -1 * CSE31:ecaa[aiwx] Ym2:aaaa[vxuw]
drop Ym2:aaaa[vxuw]
drop CSE31:ecaa[aiwx]
load CSE10:Faa[Fvu]
load DF:Fec[Fai]
.R2:eaca[aviu] += 2 * CSE10:Faa[Fvu] DF:Fec[Fai]
drop DF:Fec[Fai]
drop CSE10:Faa[Fvu]
store R2:eaca[aviu]

alloc CSE35:ecca[ajiv]
load g:cc[jk]
load T2:eacc[avik]
.CSE35:ecca[ajiv] += g:cc[jk] T2:eacc[avik]
drop T2:eacc[avik]
drop g:cc[jk]
store CSE35:ecca[ajiv]

alloc CSE36:ecca[ajiu]
load g:ee[ab]
load T2:eacc[buij]
.CSE36:ecca[ajiu] += g:ee[ab] T2:eacc[buij]
drop T2:eacc[buij]
drop g:ee[ab]
store CSE36:ecca[ajiu]

alloc CSE37:ecca[aiju]
load g:cc[ik]
load T2:eacc[aukj]
.CSE37:ecca[aiju] += g:cc[ik] T2:eacc[aukj]
drop T2:eacc[aukj]
drop g:cc[ik]
store CSE37:ecca[aiju]

alloc R2:eacc[auij]
load CSE35:ecca[ajiv]
load Ym1:aa[uv]
.R2:eacc[auij] += CSE35:ecca[ajiv] Ym1:aa[uv]
drop Ym1:aa[uv]
.R2:eacc[auij] += -1 * CSE35:ecca[ajiu]
drop CSE35:ecca[ajiu]
load CSE2:aa[yu]
load T2:eacc[ayij]
.R2:eacc[auij] += -2 * CSE2:aa[yu] T2:eacc[ayij]
drop T2:eacc[ayij]
drop CSE2:aa[yu]
load CSE1:aa[yu]
load T2:eacc[ayij]
.R2:eacc[auij] += CSE1:aa[yu] T2:eacc[ayij]
drop T2:eacc[ayij]
drop CSE1:aa[yu]
load DF:Fec[Fai]
load CSE16:Fca[Fju]
.R2:eacc[auij] += -1 * DF:Fec[Fai] CSE16:Fca[Fju]
drop CSE16:Fca[Fju]
drop DF:Fec[Fai]
load CSE7:aa[xu]
load T2:eacc[axij]
.R2:eacc[auij] += 2 * CSE7:aa[xu] T2:eacc[axij]
drop T2:eacc[axij]
drop CSE7:aa[xu]
load f:aa[uv]
load T2:eacc[avij]
.R2:eacc[auij] += f:aa[uv] T2:eacc[avij]
drop T2:eacc[avij]
drop f:aa[uv]
load CSE3:aa[ux]
load T2:eacc[axij]
.R2:eacc[auij] += -1 * CSE3:aa[ux] T2:eacc[axij]
drop T2:eacc[axij]
drop CSE3:aa[ux]
load CSE6:aa[wu]
load T2:eacc[awij]
.R2:eacc[auij] += -1 * CSE6:aa[wu] T2:eacc[awij]
drop T2:eacc[awij]
drop CSE6:aa[wu]
load DF:Fec[Fai]
load DF:Fca[Fju]
.R2:eacc[auij] += DF:Fec[Fai] DF:Fca[Fju]
drop DF:Fca[Fju]
drop DF:Fec[Fai]
load CSE36:ecca[ajiu]
.R2:eacc[auij] += CSE36:ecca[ajiu]
load Ym1:aa[uv]
.R2:eacc[auij] += -1 * CSE36:ecca[ajiv] Ym1:aa[uv]
drop Ym1:aa[uv]
drop CSE36:ecca[ajiv]
load CSE37:ecca[aiju]
.R2:eacc[auij] += -1 * CSE37:ecca[aiju]
load Ym1:aa[uv]
.R2:eacc[auij] += CSE37:ecca[aijv] Ym1:aa[uv]
drop Ym1:aa[uv]
drop CSE37:ecca[aijv]
store R2:eacc[auij]


---- end
