---- decl
index-space: a, External, e
index-space: b, External, e
index-space: c, External, e
index-space: u, Active, a
index-space: v, Active, a
index-space: w, Active, a
index-space: x, Active, a
index-space: y, Active, a
index-space: z, Active, a
index-space: i, Closed, c
index-space: j, Closed, c
index-space: k, Closed, c
index-space: F, BasisMp2Fit, F

tensor: ECC[], ECC
tensor: ECC0[], ECC0

tensor: CSE1:aa[uw], !Create{type:disk}
tensor: CSE1:aaaa[wvux], !Create{type:disk}
tensor: CSE1:ccaa[jivu], !Create{type:disk}
tensor: CSE10:ecaa[aivw], !Create{type:disk}
tensor: CSE10:aaaa[wvux], !Create{type:disk}
tensor: CSE11:aa[wu], !Create{type:disk}
tensor: CSE11:Faa[Fuw], !Create{type:disk}
tensor: CSE12:aaaa[xyvu], !Create{type:disk}
tensor: CSE13:aaaa[wvzu], !Create{type:disk}
tensor: CSE14:ecaa[aivw], !Create{type:disk}
tensor: CSE15:ecaa[aivw], !Create{type:disk}
tensor: CSE2:aa[uw], !Create{type:disk}
tensor: CSE2:ca[iu], !Create{type:disk}
tensor: CSE2:ecca[ajiv], !Create{type:disk}
tensor: CSE2:aaaa[wvux], !Create{type:disk}
tensor: CSE2:ccaa[jiuw], !Create{type:disk}
tensor: CSE3:F[F], !Create{type:disk}
tensor: CSE3:aa[xy], !Create{type:disk}
tensor: CSE3:ecaa[aivu], !Create{type:disk}
tensor: CSE3:ecca[ajiu], !Create{type:disk}
tensor: CSE3:ccaa[ijvu], !Create{type:disk}
tensor: CSE4:aa[vy], !Create{type:disk}
tensor: CSE4:ecca[aiju], !Create{type:disk}
tensor: CSE4:aaaa[xwvu], !Create{type:disk}
tensor: CSE4:ccaa[jivu], !Create{type:disk}
tensor: CSE5:aa[uy], !Create{type:disk}
tensor: CSE5:aaaa[yvzu], !Create{type:disk}
tensor: CSE5:ccaa[jivu], !Create{type:disk}
tensor: CSE6:aa[vy], !Create{type:disk}
tensor: CSE6:Faa[Fuw], !Create{type:disk}
tensor: CSE7:ec[aj], !Create{type:disk}
tensor: CSE7:aaaa[wvux], !Create{type:disk}
tensor: CSE8:ec[bi], !Create{type:disk}
tensor: CSE8:ecaa[aivw], !Create{type:disk}
tensor: CSE8:aaaa[vuwx], !Create{type:disk}
tensor: CSE9:ecaa[aivw], !Create{type:disk}
tensor: CSE9:aaaa[wvux], !Create{type:disk}
tensor: DF:Fea[Fau], DF:Fea
tensor: DF:Fec[Fai], DF:Fec
tensor: DF:Faa[Fuv], DF:Faa
tensor: DF:Fca[Fiu], DF:Fca
tensor: I:F[F], !Create{type:plain}
tensor: I:ea[av], !Create{type:plain}
tensor: I:ec[ai], !Create{type:plain}
tensor: I:aa[uv], !Create{type:plain}
tensor: I:ca[ix], !Create{type:plain}
tensor: I:Fea[Fav], !Create{type:plain}
tensor: I:Fec[Fbj], !Create{type:plain}
tensor: I:Faa[Fwx], !Create{type:plain}
tensor: I:Fca[Fju], !Create{type:plain}
tensor: I:eeaa[abuv], !Create{type:plain}
tensor: I:eeca[abiv], !Create{type:plain}
tensor: I:ecaa[aiuv], !Create{type:plain}
tensor: I:aaaa[uvwx], !Create{type:plain}
tensor: I:ccaa[ijuv], !Create{type:plain}
tensor: I2:aaaa[wxyz], !Create{type:plain}
tensor: R1:ea[au], R1:ea
tensor: R1:ec[ai], R1:ec
tensor: R1:ac[ui], R1:ac
tensor: R2:ec[ai], R2:ec
tensor: R2:eeaa[abuv], R2:eeaa
tensor: R2:eeca[baiu], R2:eeca
tensor: R2:eecc[abij], R2:eecc
tensor: R2:eaac[avui], R2:eaac
tensor: R2:eaca[aviu], R2:eaca
tensor: R2:eacc[auij], R2:eacc
tensor: R2:aacc[uvij], R2:aacc
tensor: R2u:eeaa[abuv], !Create{type:disk}
tensor: R2u:eecc[abij], !Create{type:disk}
tensor: R2u:aacc[uvij], !Create{type:disk}
tensor: T1:ea[ax], T1:ea
tensor: T1:ac[ui], T1:ac
tensor: T1s:ec[ai], T1s:ec
tensor: T2:eeaa[abxw], T2:eeaa
tensor: T2:eeca[abiv], T2:eeca
tensor: T2:eecc[abji], T2:eecc
tensor: T2:eaac[awxi], T2:eaac
tensor: T2:eaca[awix], T2:eaca
tensor: T2:eacc[auij], T2:eacc
tensor: T2:aacc[uvij], T2:aacc
tensor: Ym1:aa[uv], Ym1:aa
tensor: Ym2:aaaa[vxwu], Ym2:aaaa
tensor: f:ea[au], f:ea
tensor: f:ec[ai], f:ec
tensor: f:aa[vw], f:aa
tensor: f:ca[iu], f:ca
tensor: g:ee[ab], g:ee
tensor: g:cc[ji], g:cc


---- code("Energy0")
alloc CSE1:ccaa[jivu]
load DF:Fca[Fiu]
.CSE1:ccaa[jivu] += DF:Fca[Fiu] DF:Fca[Fjv]
drop DF:Fca[Fiu]
store CSE1:ccaa[jivu]

alloc ECC0[]
alloc I:Fca[Fju]
load DF:Fec[Fai]
load T2:eacc[auij]
.I:Fca[Fju] += DF:Fec[Fai] T2:eacc[auij]
drop T2:eacc[auij]
drop DF:Fec[Fai]
load DF:Fca[Fju]
.ECC0[] += 4 * I:Fca[Fju] DF:Fca[Fju]
drop DF:Fca[Fju]
drop I:Fca[Fju]
load CSE1:ccaa[jivu]
load T2:aacc[uvij]
.ECC0[] += 2 * CSE1:ccaa[jivu] T2:aacc[uvij]
.ECC0[] += -1 * CSE1:ccaa[jivu] T2:aacc[uvji]
drop T2:aacc[uvji]
drop CSE1:ccaa[jivu]
load f:ca[iu]
load T1:ac[ui]
.ECC0[] += 2 * f:ca[iu] T1:ac[ui]
drop T1:ac[ui]
drop f:ca[iu]
alloc I:Fca[Fju]
load DF:Fec[Fai]
load T2:eacc[auji]
.I:Fca[Fju] += DF:Fec[Fai] T2:eacc[auji]
drop T2:eacc[auji]
drop DF:Fec[Fai]
load DF:Fca[Fju]
.ECC0[] += -2 * I:Fca[Fju] DF:Fca[Fju]
drop DF:Fca[Fju]
drop I:Fca[Fju]
alloc I:Fec[Fbj]
load DF:Fec[Fai]
load T2:eecc[abji]
.I:Fec[Fbj] += DF:Fec[Fai] T2:eecc[abji]
drop T2:eecc[abji]
.ECC0[] += -1 * I:Fec[Fbj] DF:Fec[Fbj]
drop DF:Fec[Fbj]
drop I:Fec[Fbj]
load f:ec[ai]
load T1s:ec[ai]
.ECC0[] += 2 * f:ec[ai] T1s:ec[ai]
drop T1s:ec[ai]
drop f:ec[ai]
alloc I:Fec[Fbj]
load DF:Fec[Fai]
load T2:eecc[abij]
.I:Fec[Fbj] += DF:Fec[Fai] T2:eecc[abij]
drop T2:eecc[abij]
.ECC0[] += 2 * I:Fec[Fbj] DF:Fec[Fbj]
drop DF:Fec[Fbj]
drop I:Fec[Fbj]
store ECC0[]


---- code("Energy")
alloc CSE1:aaaa[wvux]
alloc I:ecaa[aiuv]
load DF:Fea[Fau]
load DF:Fca[Fiv]
.I:ecaa[aiuv] += DF:Fea[Fau] DF:Fca[Fiv]
drop DF:Fca[Fiv]
drop DF:Fea[Fau]
load T2:eaac[awxi]
.CSE1:aaaa[wvux] += I:ecaa[aiuv] T2:eaac[awxi]
drop T2:eaac[awxi]
drop I:ecaa[aiuv]
store CSE1:aaaa[wvux]

alloc CSE2:aaaa[wvux]
alloc I:ecaa[aiuv]
load DF:Fea[Fau]
load DF:Fca[Fiv]
.I:ecaa[aiuv] += DF:Fea[Fau] DF:Fca[Fiv]
drop DF:Fca[Fiv]
drop DF:Fea[Fau]
load T2:eaca[awix]
.CSE2:aaaa[wvux] += I:ecaa[aiuv] T2:eaca[awix]
drop T2:eaca[awix]
drop I:ecaa[aiuv]
store CSE2:aaaa[wvux]

alloc CSE3:ecaa[aivu]
load DF:Fea[Fau]
load DF:Fca[Fiv]
.CSE3:ecaa[aivu] += DF:Fea[Fau] DF:Fca[Fiv]
drop DF:Fca[Fiv]
drop DF:Fea[Fau]
store CSE3:ecaa[aivu]

alloc CSE4:aaaa[xwvu]
alloc I:ccaa[ijuv]
load DF:Fca[Fiu]
.I:ccaa[ijuv] += DF:Fca[Fiu] DF:Fca[Fjv]
drop DF:Fca[Fiu]
load T2:aacc[wxij]
.CSE4:aaaa[xwvu] += I:ccaa[ijuv] T2:aacc[wxij]
drop T2:aacc[wxij]
drop I:ccaa[ijuv]
store CSE4:aaaa[xwvu]

alloc CSE5:ccaa[jivu]
load DF:Fca[Fiu]
.CSE5:ccaa[jivu] += DF:Fca[Fiu] DF:Fca[Fjv]
drop DF:Fca[Fiu]
store CSE5:ccaa[jivu]

alloc CSE6:Faa[Fuw]
load DF:Fec[Fai]
load T2:eaca[auiw]
.CSE6:Faa[Fuw] += DF:Fec[Fai] T2:eaca[auiw]
drop T2:eaca[auiw]
drop DF:Fec[Fai]
store CSE6:Faa[Fuw]

alloc CSE7:aaaa[wvux]
alloc I:Faa[Fwx]
load DF:Fec[Fai]
load T2:eaca[awix]
.I:Faa[Fwx] += DF:Fec[Fai] T2:eaca[awix]
drop T2:eaca[awix]
drop DF:Fec[Fai]
load DF:Faa[Fuv]
.CSE7:aaaa[wvux] += I:Faa[Fwx] DF:Faa[Fuv]
drop DF:Faa[Fuv]
drop I:Faa[Fwx]
store CSE7:aaaa[wvux]

alloc CSE8:aaaa[vuwx]
alloc I:eeaa[abuv]
load DF:Fea[Fau]
.I:eeaa[abuv] += DF:Fea[Fau] DF:Fea[Fbv]
drop DF:Fea[Fau]
load T2:eeaa[abxw]
.CSE8:aaaa[vuwx] += I:eeaa[abuv] T2:eeaa[abxw]
drop T2:eeaa[abxw]
drop I:eeaa[abuv]
store CSE8:aaaa[vuwx]

alloc CSE9:aaaa[wvux]
alloc I:Faa[Fux]
load DF:Fea[Fau]
load T1:ea[ax]
.I:Faa[Fux] += DF:Fea[Fau] T1:ea[ax]
drop T1:ea[ax]
drop DF:Fea[Fau]
load DF:Faa[Fvw]
.CSE9:aaaa[wvux] += I:Faa[Fux] DF:Faa[Fvw]
drop DF:Faa[Fvw]
drop I:Faa[Fux]
store CSE9:aaaa[wvux]

alloc CSE10:aaaa[wvux]
alloc I:Faa[Fwx]
load DF:Fec[Fai]
load T2:eaac[awxi]
.I:Faa[Fwx] += DF:Fec[Fai] T2:eaac[awxi]
drop T2:eaac[awxi]
drop DF:Fec[Fai]
load DF:Faa[Fuv]
.CSE10:aaaa[wvux] += I:Faa[Fwx] DF:Faa[Fuv]
drop DF:Faa[Fuv]
drop I:Faa[Fwx]
store CSE10:aaaa[wvux]

alloc CSE11:Faa[Fuw]
load DF:Fec[Fai]
load T2:eaac[auwi]
.CSE11:Faa[Fuw] += DF:Fec[Fai] T2:eaac[auwi]
drop T2:eaac[auwi]
drop DF:Fec[Fai]
store CSE11:Faa[Fuw]

alloc ECC[]
alloc I:aa[uv]
alloc I:Fca[Fjv]
load DF:Fec[Fai]
load T2:eacc[avij]
.I:Fca[Fjv] += DF:Fec[Fai] T2:eacc[avij]
drop T2:eacc[avij]
drop DF:Fec[Fai]
load DF:Fca[Fju]
.I:aa[uv] += I:Fca[Fjv] DF:Fca[Fju]
drop DF:Fca[Fju]
drop I:Fca[Fjv]
load Ym1:aa[uv]
.ECC[] += -4 * I:aa[uv] Ym1:aa[uv]
drop Ym1:aa[uv]
drop I:aa[uv]
load CSE1:aaaa[wvux]
load Ym2:aaaa[vxwu]
.ECC[] += -4 * CSE1:aaaa[wvux] Ym2:aaaa[vxwu]
drop Ym2:aaaa[vxwu]
drop CSE1:aaaa[wvux]
load CSE2:aaaa[wvux]
load Ym2:aaaa[vxwu]
.ECC[] += 2 * CSE2:aaaa[wvux] Ym2:aaaa[vxwu]
.ECC[] += -4 * CSE2:aaaa[wvux] Ym2:aaaa[vxuw]
drop Ym2:aaaa[vxuw]
drop CSE2:aaaa[wvux]
alloc I:aa[uw]
load CSE3:ecaa[aivu]
load T2:eaca[aviw]
.I:aa[uw] += CSE3:ecaa[aivu] T2:eaca[aviw]
drop T2:eaca[aviw]
drop CSE3:ecaa[aivu]
load Ym1:aa[wu]
.ECC[] += -2 * I:aa[uw] Ym1:aa[wu]
drop Ym1:aa[wu]
drop I:aa[uw]
load CSE1:aaaa[wvux]
load Ym2:aaaa[vxuw]
.ECC[] += 2 * CSE1:aaaa[wvux] Ym2:aaaa[vxuw]
drop Ym2:aaaa[vxuw]
drop CSE1:aaaa[wvux]
alloc I:aa[uw]
load CSE3:ecaa[aivu]
load T2:eaac[avwi]
.I:aa[uw] += CSE3:ecaa[aivu] T2:eaac[avwi]
drop T2:eaac[avwi]
drop CSE3:ecaa[aivu]
load Ym1:aa[wu]
.ECC[] += 4 * I:aa[uw] Ym1:aa[wu]
drop Ym1:aa[wu]
drop I:aa[uw]
alloc I:aa[uv]
load f:ca[iu]
load T1:ac[vi]
.I:aa[uv] += f:ca[iu] T1:ac[vi]
drop T1:ac[vi]
drop f:ca[iu]
load Ym1:aa[uv]
.ECC[] += -2 * I:aa[uv] Ym1:aa[uv]
drop Ym1:aa[uv]
drop I:aa[uv]
alloc I:ca[ix]
alloc I:Faa[Fwx]
load DF:Faa[Fuv]
load Ym2:aaaa[vwux]
.I:Faa[Fwx] += DF:Faa[Fuv] Ym2:aaaa[vwux]
drop Ym2:aaaa[vwux]
drop DF:Faa[Fuv]
load DF:Fca[Fiw]
.I:ca[ix] += I:Faa[Fwx] DF:Fca[Fiw]
drop DF:Fca[Fiw]
drop I:Faa[Fwx]
load T1:ac[xi]
.ECC[] += -4 * I:ca[ix] T1:ac[xi]
drop T1:ac[xi]
drop I:ca[ix]
alloc I:aa[uv]
alloc I:Fea[Fav]
load DF:Fec[Fbi]
load T2:eeca[abiv]
.I:Fea[Fav] += DF:Fec[Fbi] T2:eeca[abiv]
drop T2:eeca[abiv]
drop DF:Fec[Fbi]
load DF:Fea[Fau]
.I:aa[uv] += I:Fea[Fav] DF:Fea[Fau]
drop DF:Fea[Fau]
drop I:Fea[Fav]
load Ym1:aa[vu]
.ECC[] += -2 * I:aa[uv] Ym1:aa[vu]
drop Ym1:aa[vu]
drop I:aa[uv]
alloc I:aa[uv]
alloc I:Fea[Fav]
load DF:Fec[Fbi]
load T2:eeca[baiv]
.I:Fea[Fav] += DF:Fec[Fbi] T2:eeca[baiv]
drop T2:eeca[baiv]
drop DF:Fec[Fbi]
load DF:Fea[Fau]
.I:aa[uv] += I:Fea[Fav] DF:Fea[Fau]
drop DF:Fea[Fau]
drop I:Fea[Fav]
load Ym1:aa[vu]
.ECC[] += 4 * I:aa[uv] Ym1:aa[vu]
drop Ym1:aa[vu]
drop I:aa[uv]
alloc I:aa[uv]
alloc I:Fca[Fiu]
load DF:Fea[Fau]
load T1s:ec[ai]
.I:Fca[Fiu] += DF:Fea[Fau] T1s:ec[ai]
drop T1s:ec[ai]
drop DF:Fea[Fau]
load DF:Fca[Fiv]
.I:aa[uv] += I:Fca[Fiu] DF:Fca[Fiv]
drop DF:Fca[Fiv]
drop I:Fca[Fiu]
load Ym1:aa[vu]
.ECC[] += -2 * I:aa[uv] Ym1:aa[vu]
drop Ym1:aa[vu]
drop I:aa[uv]
alloc I:ca[ix]
alloc I:Faa[Fwx]
load DF:Faa[Fuv]
load Ym2:aaaa[uwxv]
.I:Faa[Fwx] += DF:Faa[Fuv] Ym2:aaaa[uwxv]
drop Ym2:aaaa[uwxv]
drop DF:Faa[Fuv]
load DF:Fca[Fiw]
.I:ca[ix] += I:Faa[Fwx] DF:Fca[Fiw]
drop DF:Fca[Fiw]
drop I:Faa[Fwx]
load T1:ac[xi]
.ECC[] += 2 * I:ca[ix] T1:ac[xi]
drop T1:ac[xi]
drop I:ca[ix]
load CSE4:aaaa[xwvu]
load Ym2:aaaa[uvwx]
.ECC[] += 2 * CSE4:aaaa[xwvu] Ym2:aaaa[uvwx]
.ECC[] += -1 * CSE4:aaaa[xwvu] Ym2:aaaa[uvxw]
drop Ym2:aaaa[uvxw]
drop CSE4:aaaa[xwvu]
alloc I:aa[vw]
load CSE5:ccaa[jivu]
load T2:aacc[uwij]
.I:aa[vw] += CSE5:ccaa[jivu] T2:aacc[uwij]
drop T2:aacc[uwij]
drop CSE5:ccaa[jivu]
load Ym1:aa[vw]
.ECC[] += -4 * I:aa[vw] Ym1:aa[vw]
drop Ym1:aa[vw]
drop I:aa[vw]
alloc I:aa[uw]
load CSE5:ccaa[jivu]
load T2:aacc[vwij]
.I:aa[uw] += CSE5:ccaa[jivu] T2:aacc[vwij]
drop T2:aacc[vwij]
drop CSE5:ccaa[jivu]
load Ym1:aa[uw]
.ECC[] += 2 * I:aa[uw] Ym1:aa[uw]
drop Ym1:aa[uw]
drop I:aa[uw]
alloc I:aa[uv]
alloc I:F[F]
load DF:Fca[Fiw]
load T1:ac[wi]
.I:F[F] += DF:Fca[Fiw] T1:ac[wi]
drop T1:ac[wi]
drop DF:Fca[Fiw]
load DF:Faa[Fuv]
.I:aa[uv] += I:F[F] DF:Faa[Fuv]
drop DF:Faa[Fuv]
drop I:F[F]
load Ym1:aa[uv]
.ECC[] += 4 * I:aa[uv] Ym1:aa[uv]
drop Ym1:aa[uv]
drop I:aa[uv]
alloc I:aa[vw]
load DF:Faa[Fuv]
load CSE6:Faa[Fuw]
.I:aa[vw] += DF:Faa[Fuv] CSE6:Faa[Fuw]
drop CSE6:Faa[Fuw]
drop DF:Faa[Fuv]
load Ym1:aa[wv]
.ECC[] += 4 * I:aa[vw] Ym1:aa[wv]
drop Ym1:aa[wv]
drop I:aa[vw]
load CSE7:aaaa[wvux]
load Ym2:aaaa[vxuw]
.ECC[] += 8 * CSE7:aaaa[wvux] Ym2:aaaa[vxuw]
.ECC[] += -4 * CSE7:aaaa[wvux] Ym2:aaaa[vxwu]
drop Ym2:aaaa[vxwu]
drop CSE7:aaaa[wvux]
load CSE8:aaaa[vuwx]
load Ym2:aaaa[wxuv]
.ECC[] += -1 * CSE8:aaaa[vuwx] Ym2:aaaa[wxuv]
.ECC[] += 2 * CSE8:aaaa[vuxw] Ym2:aaaa[wxuv]
drop Ym2:aaaa[wxuv]
drop CSE8:aaaa[vuxw]
alloc I:aa[uv]
load f:ec[ai]
load T2:eaca[auiv]
.I:aa[uv] += f:ec[ai] T2:eaca[auiv]
drop T2:eaca[auiv]
drop f:ec[ai]
load Ym1:aa[vu]
.ECC[] += 4 * I:aa[uv] Ym1:aa[vu]
drop Ym1:aa[vu]
drop I:aa[uv]
alloc I:aa[uv]
load f:ea[au]
load T1:ea[av]
.I:aa[uv] += f:ea[au] T1:ea[av]
drop T1:ea[av]
drop f:ea[au]
load Ym1:aa[vu]
.ECC[] += 2 * I:aa[uv] Ym1:aa[vu]
drop Ym1:aa[vu]
drop I:aa[uv]
alloc I:aa[uv]
load f:ec[ai]
load T2:eaac[auvi]
.I:aa[uv] += f:ec[ai] T2:eaac[auvi]
drop T2:eaac[auvi]
drop f:ec[ai]
load Ym1:aa[vu]
.ECC[] += -2 * I:aa[uv] Ym1:aa[vu]
drop Ym1:aa[vu]
drop I:aa[uv]
alloc I:aa[uv]
alloc I:Fca[Fjv]
load DF:Fec[Fai]
load T2:eacc[avji]
.I:Fca[Fjv] += DF:Fec[Fai] T2:eacc[avji]
drop T2:eacc[avji]
drop DF:Fec[Fai]
load DF:Fca[Fju]
.I:aa[uv] += I:Fca[Fjv] DF:Fca[Fju]
drop DF:Fca[Fju]
drop I:Fca[Fjv]
load Ym1:aa[uv]
.ECC[] += 2 * I:aa[uv] Ym1:aa[uv]
drop Ym1:aa[uv]
drop I:aa[uv]
load CSE9:aaaa[wvux]
load Ym2:aaaa[wxvu]
.ECC[] += 4 * CSE9:aaaa[wvux] Ym2:aaaa[wxvu]
.ECC[] += -2 * CSE9:aaaa[wvux] Ym2:aaaa[wxuv]
drop Ym2:aaaa[wxuv]
drop CSE9:aaaa[wvux]
alloc I:aa[vw]
alloc I:Faa[Fuw]
load DF:Fca[Fiw]
load T1:ac[ui]
.I:Faa[Fuw] += DF:Fca[Fiw] T1:ac[ui]
drop T1:ac[ui]
drop DF:Fca[Fiw]
load DF:Faa[Fuv]
.I:aa[vw] += I:Faa[Fuw] DF:Faa[Fuv]
drop DF:Faa[Fuv]
drop I:Faa[Fuw]
load Ym1:aa[wv]
.ECC[] += -2 * I:aa[vw] Ym1:aa[wv]
drop Ym1:aa[wv]
drop I:aa[vw]
alloc I:aa[uv]
alloc I:F[F]
load DF:Fec[Fai]
load T1s:ec[ai]
.I:F[F] += DF:Fec[Fai] T1s:ec[ai]
drop T1s:ec[ai]
drop DF:Fec[Fai]
load DF:Faa[Fuv]
.I:aa[uv] += I:F[F] DF:Faa[Fuv]
drop DF:Faa[Fuv]
drop I:F[F]
load Ym1:aa[uv]
.ECC[] += 4 * I:aa[uv] Ym1:aa[uv]
drop Ym1:aa[uv]
drop I:aa[uv]
load CSE10:aaaa[wvux]
load Ym2:aaaa[vxuw]
.ECC[] += -4 * CSE10:aaaa[wvux] Ym2:aaaa[vxuw]
.ECC[] += 2 * CSE10:aaaa[wvux] Ym2:aaaa[uxwv]
drop Ym2:aaaa[uxwv]
drop CSE10:aaaa[wvux]
alloc I:aa[vw]
load DF:Faa[Fuv]
load CSE11:Faa[Fuw]
.I:aa[vw] += DF:Faa[Fuv] CSE11:Faa[Fuw]
drop CSE11:Faa[Fuw]
drop DF:Faa[Fuv]
load Ym1:aa[wv]
.ECC[] += -2 * I:aa[vw] Ym1:aa[wv]
drop Ym1:aa[wv]
drop I:aa[vw]
store ECC[]


---- code("Residual")
alloc CSE1:aaaa[wvyx]
load DF:Faa[Fvw]
.CSE1:aaaa[wvyx] += DF:Faa[Fvw] DF:Faa[Fxy]
drop DF:Faa[Fvw]
store CSE1:aaaa[wvyx]

alloc CSE2:ca[iu]
load g:cc[ji]
load T1:ac[uj]
.CSE2:ca[iu] += g:cc[ji] T1:ac[uj]
drop T1:ac[uj]
drop g:cc[ji]
store CSE2:ca[iu]

alloc CSE3:F[F]
load DF:Faa[Fvw]
load Ym1:aa[vw]
.CSE3:F[F] += DF:Faa[Fvw] Ym1:aa[vw]
drop Ym1:aa[vw]
drop DF:Faa[Fvw]
store CSE3:F[F]

alloc R1:ac[ui]
alloc I:aa[ux]
load CSE1:aaaa[wvyx]
load Ym2:aaaa[uwyv]
.I:aa[ux] += CSE1:aaaa[wvyx] Ym2:aaaa[uwyv]
drop Ym2:aaaa[uwyv]
drop CSE1:aaaa[wvyx]
load T1:ac[xi]
.R1:ac[ui] += -2 * I:aa[ux] T1:ac[xi]
drop T1:ac[xi]
drop I:aa[ux]
alloc I:aa[uw]
load CSE1:aaaa[wvyx]
load Ym2:aaaa[uxyv]
.I:aa[uw] += CSE1:aaaa[wvyx] Ym2:aaaa[uxyv]
drop Ym2:aaaa[uxyv]
drop CSE1:aaaa[wvyx]
load T1:ac[wi]
.R1:ac[ui] += I:aa[uw] T1:ac[wi]
drop T1:ac[wi]
drop I:aa[uw]
load f:ca[iu]
.R1:ac[ui] += f:ca[iu]
drop f:ca[iu]
alloc I:aa[uv]
alloc I:Faa[Fvx]
load DF:Faa[Fvw]
load Ym1:aa[xw]
.I:Faa[Fvx] += DF:Faa[Fvw] Ym1:aa[xw]
drop Ym1:aa[xw]
.I:aa[uv] += I:Faa[Fvx] DF:Faa[Fxu]
drop DF:Faa[Fxu]
drop I:Faa[Fvx]
load T1:ac[vi]
.R1:ac[ui] += -1 * I:aa[uv] T1:ac[vi]
drop T1:ac[vi]
drop I:aa[uv]
alloc I:aa[uv]
load f:aa[vw]
load Ym1:aa[uw]
.I:aa[uv] += f:aa[vw] Ym1:aa[uw]
drop Ym1:aa[uw]
drop f:aa[vw]
load T1:ac[vi]
.R1:ac[ui] += -1 * I:aa[uv] T1:ac[vi]
drop T1:ac[vi]
drop I:aa[uv]
alloc I:Faa[Fuw]
load DF:Faa[Fvu]
load Ym1:aa[vw]
.I:Faa[Fuw] += DF:Faa[Fvu] Ym1:aa[vw]
drop Ym1:aa[vw]
drop DF:Faa[Fvu]
load DF:Fca[Fiw]
.R1:ac[ui] += -1 * I:Faa[Fuw] DF:Fca[Fiw]
drop DF:Fca[Fiw]
drop I:Faa[Fuw]
load CSE2:ca[iu]
.R1:ac[ui] += -1 * CSE2:ca[iu]
load Ym1:aa[uv]
.R1:ac[ui] += CSE2:ca[iv] Ym1:aa[uv]
drop Ym1:aa[uv]
drop CSE2:ca[iv]
load f:aa[uv]
load T1:ac[vi]
.R1:ac[ui] += f:aa[uv] T1:ac[vi]
drop T1:ac[vi]
drop f:aa[uv]
load CSE3:F[F]
load DF:Fca[Fiu]
.R1:ac[ui] += 2 * CSE3:F[F] DF:Fca[Fiu]
drop DF:Fca[Fiu]
drop CSE3:F[F]
alloc I:aa[ux]
load CSE3:F[F]
load DF:Faa[Fxu]
.I:aa[ux] += CSE3:F[F] DF:Faa[Fxu]
drop DF:Faa[Fxu]
drop CSE3:F[F]
load T1:ac[xi]
.R1:ac[ui] += 2 * I:aa[ux] T1:ac[xi]
drop T1:ac[xi]
drop I:aa[ux]
alloc I:Faa[Fux]
load DF:Faa[Fvw]
load Ym2:aaaa[uwvx]
.I:Faa[Fux] += DF:Faa[Fvw] Ym2:aaaa[uwvx]
drop Ym2:aaaa[uwvx]
drop DF:Faa[Fvw]
load DF:Fca[Fix]
.R1:ac[ui] += I:Faa[Fux] DF:Fca[Fix]
drop DF:Fca[Fix]
drop I:Faa[Fux]
load f:ca[iv]
load Ym1:aa[uv]
.R1:ac[ui] += -1 * f:ca[iv] Ym1:aa[uv]
drop Ym1:aa[uv]
drop f:ca[iv]
alloc I:Faa[Fux]
load DF:Faa[Fvw]
load Ym2:aaaa[uwxv]
.I:Faa[Fux] += DF:Faa[Fvw] Ym2:aaaa[uwxv]
drop Ym2:aaaa[uwxv]
drop DF:Faa[Fvw]
load DF:Fca[Fix]
.R1:ac[ui] += -2 * I:Faa[Fux] DF:Fca[Fix]
drop DF:Fca[Fix]
drop I:Faa[Fux]
store R1:ac[ui]

alloc CSE1:aaaa[wvyx]
load DF:Faa[Fvw]
.CSE1:aaaa[wvyx] += DF:Faa[Fvw] DF:Faa[Fxy]
drop DF:Faa[Fvw]
store CSE1:aaaa[wvyx]

alloc R1:ea[au]
alloc I:aa[ux]
load CSE1:aaaa[wvyx]
load Ym2:aaaa[ywuv]
.I:aa[ux] += CSE1:aaaa[wvyx] Ym2:aaaa[ywuv]
drop Ym2:aaaa[ywuv]
drop CSE1:aaaa[wvyx]
load T1:ea[ax]
.R1:ea[au] += -2 * I:aa[ux] T1:ea[ax]
drop T1:ea[ax]
drop I:aa[ux]
alloc I:aa[uw]
load CSE1:aaaa[wvyx]
load Ym2:aaaa[yvux]
.I:aa[uw] += CSE1:aaaa[wvyx] Ym2:aaaa[yvux]
drop Ym2:aaaa[yvux]
drop CSE1:aaaa[wvyx]
load T1:ea[aw]
.R1:ea[au] += I:aa[uw] T1:ea[aw]
drop T1:ea[aw]
drop I:aa[uw]
alloc I:aa[uw]
load f:aa[vw]
load Ym1:aa[vu]
.I:aa[uw] += f:aa[vw] Ym1:aa[vu]
drop Ym1:aa[vu]
drop f:aa[vw]
load T1:ea[aw]
.R1:ea[au] += -1 * I:aa[uw] T1:ea[aw]
drop T1:ea[aw]
drop I:aa[uw]
alloc I:Faa[Fuv]
load DF:Faa[Fwx]
load Ym2:aaaa[xvuw]
.I:Faa[Fuv] += DF:Faa[Fwx] Ym2:aaaa[xvuw]
drop Ym2:aaaa[xvuw]
drop DF:Faa[Fwx]
load DF:Fea[Fav]
.R1:ea[au] += -1 * I:Faa[Fuv] DF:Fea[Fav]
drop DF:Fea[Fav]
drop I:Faa[Fuv]
alloc I:ea[av]
load g:ee[ab]
load T1:ea[bv]
.I:ea[av] += g:ee[ab] T1:ea[bv]
drop T1:ea[bv]
drop g:ee[ab]
load Ym1:aa[vu]
.R1:ea[au] += I:ea[av] Ym1:aa[vu]
drop Ym1:aa[vu]
drop I:ea[av]
alloc I:Faa[Fuv]
load DF:Faa[Fwx]
load Ym2:aaaa[vxuw]
.I:Faa[Fuv] += DF:Faa[Fwx] Ym2:aaaa[vxuw]
drop Ym2:aaaa[vxuw]
drop DF:Faa[Fwx]
load DF:Fea[Fav]
.R1:ea[au] += 2 * I:Faa[Fuv] DF:Fea[Fav]
drop DF:Fea[Fav]
drop I:Faa[Fuv]
load f:ea[av]
load Ym1:aa[vu]
.R1:ea[au] += f:ea[av] Ym1:aa[vu]
drop Ym1:aa[vu]
drop f:ea[av]
store R1:ea[au]

alloc CSE1:aa[uw]
load f:aa[uv]
load Ym1:aa[vw]
.CSE1:aa[uw] += f:aa[uv] Ym1:aa[vw]
drop Ym1:aa[vw]
drop f:aa[uv]
store CSE1:aa[uw]

alloc CSE2:aa[uw]
load f:aa[uv]
load Ym1:aa[wv]
.CSE2:aa[uw] += f:aa[uv] Ym1:aa[wv]
drop Ym1:aa[wv]
drop f:aa[uv]
store CSE2:aa[uw]

alloc CSE3:aa[xy]
alloc I:aaaa[uvwx]
load DF:Faa[Fuv]
.I:aaaa[uvwx] += DF:Faa[Fuv] DF:Faa[Fwx]
drop DF:Faa[Fuv]
load Ym2:aaaa[vyuw]
.CSE3:aa[xy] += I:aaaa[uvwx] Ym2:aaaa[vyuw]
drop Ym2:aaaa[vyuw]
drop I:aaaa[uvwx]
store CSE3:aa[xy]

alloc CSE4:aa[vy]
alloc I:aaaa[uvwx]
load DF:Faa[Fuv]
.I:aaaa[uvwx] += DF:Faa[Fuv] DF:Faa[Fwx]
drop DF:Faa[Fuv]
load Ym2:aaaa[uwyx]
.CSE4:aa[vy] += I:aaaa[uvwx] Ym2:aaaa[uwyx]
drop Ym2:aaaa[uwyx]
drop I:aaaa[uvwx]
store CSE4:aa[vy]

alloc CSE5:aa[uy]
alloc I:aaaa[uvwx]
load DF:Faa[Fuv]
.I:aaaa[uvwx] += DF:Faa[Fuv] DF:Faa[Fwx]
drop DF:Faa[Fuv]
load Ym2:aaaa[vxwy]
.CSE5:aa[uy] += I:aaaa[uvwx] Ym2:aaaa[vxwy]
drop Ym2:aaaa[vxwy]
drop I:aaaa[uvwx]
store CSE5:aa[uy]

alloc CSE6:aa[vy]
alloc I:aaaa[uvwx]
load DF:Faa[Fuv]
.I:aaaa[uvwx] += DF:Faa[Fuv] DF:Faa[Fwx]
drop DF:Faa[Fuv]
load Ym2:aaaa[xyuw]
.CSE6:aa[vy] += I:aaaa[uvwx] Ym2:aaaa[xyuw]
drop Ym2:aaaa[xyuw]
drop I:aaaa[uvwx]
store CSE6:aa[vy]

alloc CSE7:ec[aj]
load T2:eaac[auvj]
load Ym1:aa[vu]
.CSE7:ec[aj] += T2:eaac[auvj] Ym1:aa[vu]
drop Ym1:aa[vu]
drop T2:eaac[auvj]
store CSE7:ec[aj]

alloc CSE8:ec[bi]
load T2:eaca[buiv]
load Ym1:aa[vu]
.CSE8:ec[bi] += T2:eaca[buiv] Ym1:aa[vu]
drop Ym1:aa[vu]
drop T2:eaca[buiv]
store CSE8:ec[bi]

alloc R2:ec[ai]
alloc I:F[F]
load DF:Faa[Fuv]
load Ym1:aa[uv]
.I:F[F] += DF:Faa[Fuv] Ym1:aa[uv]
drop Ym1:aa[uv]
drop DF:Faa[Fuv]
load DF:Fec[Fai]
.R2:ec[ai] += 2 * I:F[F] DF:Fec[Fai]
drop DF:Fec[Fai]
drop I:F[F]
load g:cc[ji]
load T1s:ec[aj]
.R2:ec[ai] += -1 * g:cc[ji] T1s:ec[aj]
drop T1s:ec[aj]
drop g:cc[ji]
load g:ee[ab]
load T1s:ec[bi]
.R2:ec[ai] += g:ee[ab] T1s:ec[bi]
drop T1s:ec[bi]
drop g:ee[ab]
load CSE1:aa[uw]
load T2:eaca[awiu]
.R2:ec[ai] += -2 * CSE1:aa[uw] T2:eaca[awiu]
drop T2:eaca[awiu]
load T2:eaac[awui]
.R2:ec[ai] += CSE1:aa[uw] T2:eaac[awui]
drop T2:eaac[awui]
drop CSE1:aa[uw]
load CSE2:aa[uw]
load T2:eaca[auiw]
.R2:ec[ai] += 2 * CSE2:aa[uw] T2:eaca[auiw]
drop T2:eaca[auiw]
load T2:eaac[avwi]
.R2:ec[ai] += -1 * CSE2:aa[vw] T2:eaac[avwi]
drop T2:eaac[avwi]
drop CSE2:aa[vw]
load CSE3:aa[xy]
load T2:eaac[axyi]
.R2:ec[ai] += -2 * CSE3:aa[xy] T2:eaac[axyi]
drop T2:eaac[axyi]
load T2:eaca[aviy]
.R2:ec[ai] += 4 * CSE3:aa[vy] T2:eaca[aviy]
drop T2:eaca[aviy]
drop CSE3:aa[vy]
load CSE4:aa[vy]
load T2:eaca[ayiv]
.R2:ec[ai] += -4 * CSE4:aa[vy] T2:eaca[ayiv]
drop T2:eaca[ayiv]
load T2:eaac[aywi]
.R2:ec[ai] += 2 * CSE4:aa[wy] T2:eaac[aywi]
drop T2:eaac[aywi]
drop CSE4:aa[wy]
load CSE5:aa[uy]
load T2:eaac[ayui]
.R2:ec[ai] += -1 * CSE5:aa[uy] T2:eaac[ayui]
drop T2:eaac[ayui]
load T2:eaca[ayiv]
.R2:ec[ai] += 2 * CSE5:aa[vy] T2:eaca[ayiv]
drop T2:eaca[ayiv]
drop CSE5:aa[vy]
load CSE6:aa[vy]
load T2:eaca[aviy]
.R2:ec[ai] += -2 * CSE6:aa[vy] T2:eaca[aviy]
drop T2:eaca[aviy]
load T2:eaac[axyi]
.R2:ec[ai] += CSE6:aa[xy] T2:eaac[axyi]
drop T2:eaac[axyi]
drop CSE6:aa[xy]
alloc I:Fca[Fiu]
load DF:Fca[Fiv]
load Ym1:aa[uv]
.I:Fca[Fiu] += DF:Fca[Fiv] Ym1:aa[uv]
drop Ym1:aa[uv]
drop DF:Fca[Fiv]
load DF:Fea[Fau]
.R2:ec[ai] += -1 * I:Fca[Fiu] DF:Fea[Fau]
drop DF:Fea[Fau]
drop I:Fca[Fiu]
load g:cc[ji]
load CSE7:ec[aj]
.R2:ec[ai] += g:cc[ji] CSE7:ec[aj]
drop CSE7:ec[aj]
drop g:cc[ji]
load g:ee[ab]
load CSE7:ec[bi]
.R2:ec[ai] += -1 * g:ee[ab] CSE7:ec[bi]
drop CSE7:ec[bi]
load CSE8:ec[bi]
.R2:ec[ai] += 2 * g:ee[ab] CSE8:ec[bi]
drop CSE8:ec[bi]
drop g:ee[ab]
load g:cc[ji]
load CSE8:ec[aj]
.R2:ec[ai] += -2 * g:cc[ji] CSE8:ec[aj]
drop CSE8:ec[aj]
drop g:cc[ji]
load f:ec[ai]
.R2:ec[ai] += f:ec[ai]
drop f:ec[ai]
store R2:ec[ai]

alloc R1:ec[ai]
load R2:ec[ai]
.R1:ec[ai] += R2:ec[ai]
drop R2:ec[ai]
store R1:ec[ai]

alloc R2u:eeaa[abuv]
alloc I:eeaa[abwx]
load g:ee[ca]
load T2:eeaa[bcxw]
.I:eeaa[abwx] += g:ee[ca] T2:eeaa[bcxw]
drop T2:eeaa[bcxw]
drop g:ee[ca]
load Ym2:aaaa[wxuv]
.R2u:eeaa[abuv] += 2 * I:eeaa[abwx] Ym2:aaaa[wxuv]
drop Ym2:aaaa[wxuv]
drop I:eeaa[abwx]
alloc I:eeaa[abwx]
load DF:Fea[Faw]
.I:eeaa[abwx] += DF:Fea[Faw] DF:Fea[Fbx]
drop DF:Fea[Faw]
load Ym2:aaaa[wxuv]
.R2u:eeaa[abuv] += I:eeaa[abwx] Ym2:aaaa[wxuv]
drop Ym2:aaaa[wxuv]
drop I:eeaa[abwx]
alloc I:aaaa[uvwy]
load f:aa[wx]
load Ym2:aaaa[xyvu]
.I:aaaa[uvwy] += f:aa[wx] Ym2:aaaa[xyvu]
drop Ym2:aaaa[xyvu]
drop f:aa[wx]
load T2:eeaa[abyw]
.R2u:eeaa[abuv] += -2 * I:aaaa[uvwy] T2:eeaa[abyw]
drop T2:eeaa[abyw]
drop I:aaaa[uvwy]
alloc I:aaaa[uvwy]
alloc I2:aaaa[wxyz]
load DF:Faa[Fwx]
.I2:aaaa[wxyz] += DF:Faa[Fwx] DF:Faa[Fyz]
drop DF:Faa[Fwx]
load Ym2:aaaa[xzuv]
.I:aaaa[uvwy] += I2:aaaa[wxyz] Ym2:aaaa[xzuv]
drop Ym2:aaaa[xzuv]
drop I2:aaaa[wxyz]
load T2:eeaa[abwy]
.R2u:eeaa[abuv] += -1 * I:aaaa[uvwy] T2:eeaa[abwy]
drop T2:eeaa[abwy]
drop I:aaaa[uvwy]
store R2u:eeaa[abuv]

alloc R2:eeaa[abuv]
load R2u:eeaa[abuv]
.R2:eeaa[abuv] += 1/2 * R2u:eeaa[abuv]
.R2:eeaa[abuv] += 1/2 * R2u:eeaa[bavu]
drop R2u:eeaa[bavu]
store R2:eeaa[abuv]

alloc R2u:eecc[abij]
load g:ee[ca]
load T2:eecc[bcji]
.R2u:eecc[abij] += 2 * g:ee[ca] T2:eecc[bcji]
drop T2:eecc[bcji]
drop g:ee[ca]
load DF:Fec[Fai]
.R2u:eecc[abij] += DF:Fec[Fai] DF:Fec[Fbj]
drop DF:Fec[Fai]
load g:cc[kj]
load T2:eecc[abik]
.R2u:eecc[abij] += -2 * g:cc[kj] T2:eecc[abik]
drop T2:eecc[abik]
drop g:cc[kj]
store R2u:eecc[abij]

alloc R2:eecc[abij]
load R2u:eecc[abij]
.R2:eecc[abij] += 1/2 * R2u:eecc[abij]
.R2:eecc[abij] += 1/2 * R2u:eecc[baji]
drop R2u:eecc[baji]
store R2:eecc[abij]

alloc CSE1:aaaa[xwzy]
load DF:Faa[Fwx]
.CSE1:aaaa[xwzy] += DF:Faa[Fwx] DF:Faa[Fyz]
drop DF:Faa[Fwx]
store CSE1:aaaa[xwzy]

alloc CSE2:ccaa[jiuw]
load g:cc[jk]
load T2:aacc[uwik]
.CSE2:ccaa[jiuw] += g:cc[jk] T2:aacc[uwik]
drop T2:aacc[uwik]
drop g:cc[jk]
store CSE2:ccaa[jiuw]

alloc CSE3:ccaa[ijvu]
load f:aa[vw]
load T2:aacc[uwij]
.CSE3:ccaa[ijvu] += f:aa[vw] T2:aacc[uwij]
drop T2:aacc[uwij]
drop f:aa[vw]
store CSE3:ccaa[ijvu]

alloc CSE4:ccaa[jivu]
load DF:Fca[Fiu]
.CSE4:ccaa[jivu] += DF:Fca[Fiu] DF:Fca[Fjv]
drop DF:Fca[Fiu]
store CSE4:ccaa[jivu]

alloc R2u:aacc[uvij]
alloc I:aaaa[uvwz]
load CSE1:aaaa[wvyx]
load Ym2:aaaa[uyxz]
.I:aaaa[uvwz] += CSE1:aaaa[wvyx] Ym2:aaaa[uyxz]
drop Ym2:aaaa[uyxz]
drop CSE1:aaaa[wvyx]
load T2:aacc[wzji]
.R2u:aacc[uvij] += 2 * I:aaaa[uvwz] T2:aacc[wzji]
drop T2:aacc[wzji]
drop I:aaaa[uvwz]
alloc I:aaaa[uvwy]
load CSE1:aaaa[xwzy]
load Ym2:aaaa[uvxz]
.I:aaaa[uvwy] += CSE1:aaaa[xwzy] Ym2:aaaa[uvxz]
drop Ym2:aaaa[uvxz]
drop CSE1:aaaa[xwzy]
load T2:aacc[wyij]
.R2u:aacc[uvij] += I:aaaa[uvwy] T2:aacc[wyij]
drop T2:aacc[wyij]
drop I:aaaa[uvwy]
alloc I:aa[vx]
load CSE1:aaaa[xwzy]
load Ym2:aaaa[vzwy]
.I:aa[vx] += CSE1:aaaa[xwzy] Ym2:aaaa[vzwy]
drop Ym2:aaaa[vzwy]
drop CSE1:aaaa[xwzy]
load T2:aacc[uxij]
.R2u:aacc[uvij] += -4 * I:aa[vx] T2:aacc[uxij]
drop T2:aacc[uxij]
drop I:aa[vx]
alloc I:aaaa[uvwy]
load CSE1:aaaa[wuvx]
load Ym1:aa[xy]
.I:aaaa[uvwy] += CSE1:aaaa[wuvx] Ym1:aa[xy]
drop Ym1:aa[xy]
drop CSE1:aaaa[wuvx]
load T2:aacc[wyij]
.R2u:aacc[uvij] += -2 * I:aaaa[uvwy] T2:aacc[wyij]
drop T2:aacc[wyij]
drop I:aaaa[uvwy]
alloc I:aa[vx]
load CSE1:aaaa[xwzy]
load Ym2:aaaa[vzyw]
.I:aa[vx] += CSE1:aaaa[xwzy] Ym2:aaaa[vzyw]
drop Ym2:aaaa[vzyw]
drop CSE1:aaaa[xwzy]
load T2:aacc[uxij]
.R2u:aacc[uvij] += 2 * I:aa[vx] T2:aacc[uxij]
drop T2:aacc[uxij]
drop I:aa[vx]
load CSE1:aaaa[wuxv]
load T2:aacc[wxij]
.R2u:aacc[uvij] += CSE1:aaaa[wuxv] T2:aacc[wxij]
drop T2:aacc[wxij]
drop CSE1:aaaa[wuxv]
alloc I:aaaa[uvwz]
load CSE1:aaaa[yvxw]
load Ym2:aaaa[uyxz]
.I:aaaa[uvwz] += CSE1:aaaa[yvxw] Ym2:aaaa[uyxz]
drop Ym2:aaaa[uyxz]
drop CSE1:aaaa[yvxw]
load T2:aacc[wzij]
.R2u:aacc[uvij] += 2 * I:aaaa[uvwz] T2:aacc[wzij]
drop T2:aacc[wzij]
drop I:aaaa[uvwz]
alloc I:aaaa[uvwz]
load CSE1:aaaa[yvxw]
load Ym2:aaaa[uyzx]
.I:aaaa[uvwz] += CSE1:aaaa[yvxw] Ym2:aaaa[uyzx]
drop Ym2:aaaa[uyzx]
drop CSE1:aaaa[yvxw]
load T2:aacc[wzji]
.R2u:aacc[uvij] += 2 * I:aaaa[uvwz] T2:aacc[wzji]
drop T2:aacc[wzji]
drop I:aaaa[uvwz]
alloc I:aaaa[uvwx]
load CSE1:aaaa[wuyx]
load Ym1:aa[vy]
.I:aaaa[uvwx] += CSE1:aaaa[wuyx] Ym1:aa[vy]
drop Ym1:aa[vy]
drop CSE1:aaaa[wuyx]
load T2:aacc[wxij]
.R2u:aacc[uvij] += -2 * I:aaaa[uvwx] T2:aacc[wxij]
drop T2:aacc[wxij]
drop I:aaaa[uvwx]
alloc I:aaaa[uvwz]
load CSE1:aaaa[wvyx]
load Ym2:aaaa[uyzx]
.I:aaaa[uvwz] += CSE1:aaaa[wvyx] Ym2:aaaa[uyzx]
drop Ym2:aaaa[uyzx]
drop CSE1:aaaa[wvyx]
load T2:aacc[wzji]
.R2u:aacc[uvij] += -4 * I:aaaa[uvwz] T2:aacc[wzji]
drop T2:aacc[wzji]
drop I:aaaa[uvwz]
load CSE2:ccaa[jiuw]
load Ym1:aa[vw]
.R2u:aacc[uvij] += 2 * CSE2:ccaa[jiuw] Ym1:aa[vw]
drop Ym1:aa[vw]
.R2u:aacc[uvij] += -2 * CSE2:ccaa[jiuv]
load Ym1:aa[vw]
.R2u:aacc[uvij] += 2 * CSE2:ccaa[ijwu] Ym1:aa[vw]
drop Ym1:aa[vw]
load Ym2:aaaa[uvwx]
.R2u:aacc[uvij] += -2 * CSE2:ccaa[jiwx] Ym2:aaaa[uvwx]
drop Ym2:aaaa[uvwx]
drop CSE2:ccaa[jiwx]
load CSE3:ccaa[ijvu]
.R2u:aacc[uvij] += 2 * CSE3:ccaa[ijvu]
load Ym1:aa[vx]
.R2u:aacc[uvij] += -2 * CSE3:ccaa[jiux] Ym1:aa[vx]
drop Ym1:aa[vx]
drop CSE3:ccaa[jiux]
load CSE4:ccaa[jivu]
.R2u:aacc[uvij] += CSE4:ccaa[jivu]
load Ym1:aa[vw]
.R2u:aacc[uvij] += -2 * CSE4:ccaa[jiwu] Ym1:aa[vw]
drop Ym1:aa[vw]
load Ym2:aaaa[uvwx]
.R2u:aacc[uvij] += CSE4:ccaa[jixw] Ym2:aaaa[uvwx]
drop Ym2:aaaa[uvwx]
drop CSE4:ccaa[jixw]
alloc I:aaaa[uvxy]
load f:aa[wx]
load Ym2:aaaa[uvwy]
.I:aaaa[uvxy] += f:aa[wx] Ym2:aaaa[uvwy]
drop Ym2:aaaa[uvwy]
drop f:aa[wx]
load T2:aacc[xyij]
.R2u:aacc[uvij] += 2 * I:aaaa[uvxy] T2:aacc[xyij]
drop T2:aacc[xyij]
drop I:aaaa[uvxy]
alloc I:aa[vw]
load f:aa[wx]
load Ym1:aa[vx]
.I:aa[vw] += f:aa[wx] Ym1:aa[vx]
drop Ym1:aa[vx]
drop f:aa[wx]
load T2:aacc[uwij]
.R2u:aacc[uvij] += -2 * I:aa[vw] T2:aacc[uwij]
drop T2:aacc[uwij]
drop I:aa[vw]
alloc I:aa[vw]
alloc I:F[F]
load DF:Faa[Fxy]
load Ym1:aa[xy]
.I:F[F] += DF:Faa[Fxy] Ym1:aa[xy]
drop Ym1:aa[xy]
.I:aa[vw] += I:F[F] DF:Faa[Fvw]
drop DF:Faa[Fvw]
drop I:F[F]
load T2:aacc[uwij]
.R2u:aacc[uvij] += 4 * I:aa[vw] T2:aacc[uwij]
drop T2:aacc[uwij]
drop I:aa[vw]
alloc I:aa[vx]
alloc I:Faa[Fvy]
load DF:Faa[Fwv]
load Ym1:aa[wy]
.I:Faa[Fvy] += DF:Faa[Fwv] Ym1:aa[wy]
drop Ym1:aa[wy]
.I:aa[vx] += I:Faa[Fvy] DF:Faa[Fxy]
drop DF:Faa[Fxy]
drop I:Faa[Fvy]
load T2:aacc[uxij]
.R2u:aacc[uvij] += -2 * I:aa[vx] T2:aacc[uxij]
drop T2:aacc[uxij]
drop I:aa[vx]
store R2u:aacc[uvij]

alloc R2:aacc[uvij]
load R2u:aacc[uvij]
.R2:aacc[uvij] += 1/2 * R2u:aacc[uvij]
.R2:aacc[uvij] += 1/2 * R2u:aacc[vuji]
drop R2u:aacc[vuji]
store R2:aacc[uvij]

alloc CSE1:aaaa[wvyx]
load DF:Faa[Fvw]
.CSE1:aaaa[wvyx] += DF:Faa[Fvw] DF:Faa[Fxy]
drop DF:Faa[Fvw]
store CSE1:aaaa[wvyx]

alloc R2:eeca[baiu]
alloc I:aa[ux]
load CSE1:aaaa[wvyx]
load Ym2:aaaa[ywuv]
.I:aa[ux] += CSE1:aaaa[wvyx] Ym2:aaaa[ywuv]
drop Ym2:aaaa[ywuv]
drop CSE1:aaaa[wvyx]
load T2:eeca[baix]
.R2:eeca[baiu] += -2 * I:aa[ux] T2:eeca[baix]
drop T2:eeca[baix]
drop I:aa[ux]
alloc I:eeca[abiv]
load g:ee[ac]
load T2:eeca[bciv]
.I:eeca[abiv] += g:ee[ac] T2:eeca[bciv]
drop T2:eeca[bciv]
drop g:ee[ac]
load Ym1:aa[vu]
.R2:eeca[baiu] += I:eeca[abiv] Ym1:aa[vu]
drop Ym1:aa[vu]
drop I:eeca[abiv]
alloc I:aa[uv]
load CSE1:aaaa[wvyx]
load Ym2:aaaa[ywux]
.I:aa[uv] += CSE1:aaaa[wvyx] Ym2:aaaa[ywux]
drop Ym2:aaaa[ywux]
drop CSE1:aaaa[wvyx]
load T2:eeca[baiv]
.R2:eeca[baiu] += I:aa[uv] T2:eeca[baiv]
drop T2:eeca[baiv]
drop I:aa[uv]
alloc I:aa[uv]
load f:aa[vw]
load Ym1:aa[wu]
.I:aa[uv] += f:aa[vw] Ym1:aa[wu]
drop Ym1:aa[wu]
drop f:aa[vw]
load T2:eeca[baiv]
.R2:eeca[baiu] += -1 * I:aa[uv] T2:eeca[baiv]
drop T2:eeca[baiv]
drop I:aa[uv]
alloc I:eeca[abiv]
load g:cc[ji]
load T2:eeca[bajv]
.I:eeca[abiv] += g:cc[ji] T2:eeca[bajv]
drop T2:eeca[bajv]
drop g:cc[ji]
load Ym1:aa[vu]
.R2:eeca[baiu] += -1 * I:eeca[abiv] Ym1:aa[vu]
drop Ym1:aa[vu]
drop I:eeca[abiv]
alloc I:eeca[abiv]
load g:ee[cb]
load T2:eeca[caiv]
.I:eeca[abiv] += g:ee[cb] T2:eeca[caiv]
drop T2:eeca[caiv]
drop g:ee[cb]
load Ym1:aa[vu]
.R2:eeca[baiu] += I:eeca[abiv] Ym1:aa[vu]
drop Ym1:aa[vu]
drop I:eeca[abiv]
alloc I:Fea[Fau]
load DF:Fea[Fav]
load Ym1:aa[vu]
.I:Fea[Fau] += DF:Fea[Fav] Ym1:aa[vu]
drop Ym1:aa[vu]
drop DF:Fea[Fav]
load DF:Fec[Fbi]
.R2:eeca[baiu] += I:Fea[Fau] DF:Fec[Fbi]
drop DF:Fec[Fbi]
drop I:Fea[Fau]
store R2:eeca[baiu]

alloc CSE1:aaaa[wvyu]
load f:aa[wx]
load Ym2:aaaa[vxyu]
.CSE1:aaaa[wvyu] += f:aa[wx] Ym2:aaaa[vxyu]
drop Ym2:aaaa[vxyu]
drop f:aa[wx]
store CSE1:aaaa[wvyu]

alloc CSE2:aaaa[yvzu]
alloc I:aaaa[vwxy]
load DF:Faa[Fvw]
.I:aaaa[vwxy] += DF:Faa[Fvw] DF:Faa[Fxy]
drop DF:Faa[Fvw]
load Ym2:aaaa[zwux]
.CSE2:aaaa[yvzu] += I:aaaa[vwxy] Ym2:aaaa[zwux]
drop Ym2:aaaa[zwux]
drop I:aaaa[vwxy]
store CSE2:aaaa[yvzu]

alloc CSE3:aa[wu]
alloc I:aaaa[wxyz]
load DF:Faa[Fwx]
.I:aaaa[wxyz] += DF:Faa[Fwx] DF:Faa[Fyz]
drop DF:Faa[Fwx]
load Ym2:aaaa[zxuy]
.CSE3:aa[wu] += I:aaaa[wxyz] Ym2:aaaa[zxuy]
drop Ym2:aaaa[zxuy]
drop I:aaaa[wxyz]
store CSE3:aa[wu]

alloc CSE4:aaaa[yvzu]
alloc I:aaaa[vwxy]
load DF:Faa[Fvy]
.I:aaaa[vwxy] += DF:Faa[Fvy] DF:Faa[Fwx]
drop DF:Faa[Fvy]
load Ym2:aaaa[zxuw]
.CSE4:aaaa[yvzu] += I:aaaa[vwxy] Ym2:aaaa[zxuw]
drop Ym2:aaaa[zxuw]
drop I:aaaa[vwxy]
store CSE4:aaaa[yvzu]

alloc CSE5:aaaa[yvzu]
alloc I:aaaa[vwxy]
load DF:Faa[Fvy]
.I:aaaa[vwxy] += DF:Faa[Fvy] DF:Faa[Fwx]
drop DF:Faa[Fvy]
load Ym2:aaaa[xzuw]
.CSE5:aaaa[yvzu] += I:aaaa[vwxy] Ym2:aaaa[xzuw]
drop Ym2:aaaa[xzuw]
drop I:aaaa[vwxy]
store CSE5:aaaa[yvzu]

alloc CSE6:aa[yu]
alloc I:aaaa[wxyz]
load DF:Faa[Fwx]
.I:aaaa[wxyz] += DF:Faa[Fwx] DF:Faa[Fyz]
drop DF:Faa[Fwx]
load Ym2:aaaa[zxuw]
.CSE6:aa[yu] += I:aaaa[wxyz] Ym2:aaaa[zxuw]
drop Ym2:aaaa[zxuw]
drop I:aaaa[wxyz]
store CSE6:aa[yu]

alloc CSE7:aaaa[wvuz]
alloc I:aaaa[vwxy]
load DF:Faa[Fvy]
.I:aaaa[vwxy] += DF:Faa[Fvy] DF:Faa[Fwx]
drop DF:Faa[Fvy]
load Ym2:aaaa[xyuz]
.CSE7:aaaa[wvuz] += I:aaaa[vwxy] Ym2:aaaa[xyuz]
drop Ym2:aaaa[xyuz]
drop I:aaaa[vwxy]
store CSE7:aaaa[wvuz]

alloc CSE8:ecaa[aivw]
load g:cc[ji]
load T2:eaac[avwj]
.CSE8:ecaa[aivw] += g:cc[ji] T2:eaac[avwj]
drop T2:eaac[avwj]
drop g:cc[ji]
store CSE8:ecaa[aivw]

alloc CSE9:ecaa[aivw]
load g:ee[ab]
load T2:eaac[bvwi]
.CSE9:ecaa[aivw] += g:ee[ab] T2:eaac[bvwi]
drop T2:eaac[bvwi]
drop g:ee[ab]
store CSE9:ecaa[aivw]

alloc CSE10:ecaa[aivw]
load DF:Fea[Faw]
load DF:Fca[Fiv]
.CSE10:ecaa[aivw] += DF:Fea[Faw] DF:Fca[Fiv]
drop DF:Fca[Fiv]
drop DF:Fea[Faw]
store CSE10:ecaa[aivw]

alloc CSE11:aa[wu]
load f:aa[wx]
load Ym1:aa[xu]
.CSE11:aa[wu] += f:aa[wx] Ym1:aa[xu]
drop Ym1:aa[xu]
drop f:aa[wx]
store CSE11:aa[wu]

alloc CSE12:aaaa[xyvu]
load f:aa[wx]
load Ym2:aaaa[vywu]
.CSE12:aaaa[xyvu] += f:aa[wx] Ym2:aaaa[vywu]
drop Ym2:aaaa[vywu]
drop f:aa[wx]
store CSE12:aaaa[xyvu]

alloc R2:eaac[avui]
load CSE2:aaaa[yvzu]
load T2:eaac[ayzi]
.R2:eaac[avui] += -1 * CSE2:aaaa[yvzu] T2:eaac[ayzi]
drop T2:eaac[ayzi]
drop CSE2:aaaa[yvzu]
load CSE1:aaaa[wvyu]
load T2:eaac[aywi]
.R2:eaac[avui] += CSE1:aaaa[wvyu] T2:eaac[aywi]
drop T2:eaac[aywi]
drop CSE1:aaaa[wvyu]
load CSE3:aa[wu]
load T2:eaac[avwi]
.R2:eaac[avui] += CSE3:aa[wu] T2:eaac[avwi]
drop T2:eaac[avwi]
drop CSE3:aa[wu]
load CSE4:aaaa[yvzu]
load T2:eaac[ayzi]
.R2:eaac[avui] += 2 * CSE4:aaaa[yvzu] T2:eaac[ayzi]
drop T2:eaac[ayzi]
drop CSE4:aaaa[yvzu]
load CSE5:aaaa[yvzu]
load T2:eaac[ayzi]
.R2:eaac[avui] += -1 * CSE5:aaaa[yvzu] T2:eaac[ayzi]
drop T2:eaac[ayzi]
drop CSE5:aaaa[yvzu]
load CSE6:aa[yu]
load T2:eaac[avyi]
.R2:eaac[avui] += -2 * CSE6:aa[yu] T2:eaac[avyi]
drop T2:eaac[avyi]
drop CSE6:aa[yu]
load CSE7:aaaa[wvuz]
load T2:eaac[azwi]
.R2:eaac[avui] += CSE7:aaaa[wvuz] T2:eaac[azwi]
drop T2:eaac[azwi]
drop CSE7:aaaa[wvuz]
load CSE8:ecaa[aivw]
load Ym1:aa[wu]
.R2:eaac[avui] += -1 * CSE8:ecaa[aivw] Ym1:aa[wu]
drop Ym1:aa[wu]
load Ym2:aaaa[vxwu]
.R2:eaac[avui] += CSE8:ecaa[aiwx] Ym2:aaaa[vxwu]
drop Ym2:aaaa[vxwu]
drop CSE8:ecaa[aiwx]
load CSE9:ecaa[aivw]
load Ym1:aa[wu]
.R2:eaac[avui] += CSE9:ecaa[aivw] Ym1:aa[wu]
drop Ym1:aa[wu]
load Ym2:aaaa[vxwu]
.R2:eaac[avui] += -1 * CSE9:ecaa[aiwx] Ym2:aaaa[vxwu]
drop Ym2:aaaa[vxwu]
drop CSE9:ecaa[aiwx]
load CSE10:ecaa[aivw]
load Ym1:aa[wu]
.R2:eaac[avui] += CSE10:ecaa[aivw] Ym1:aa[wu]
drop Ym1:aa[wu]
load Ym2:aaaa[vwxu]
.R2:eaac[avui] += -1 * CSE10:ecaa[aixw] Ym2:aaaa[vwxu]
drop Ym2:aaaa[vwxu]
drop CSE10:ecaa[aixw]
load CSE11:aa[wu]
load T2:eaac[avwi]
.R2:eaac[avui] += -1 * CSE11:aa[wu] T2:eaac[avwi]
drop T2:eaac[avwi]
drop CSE11:aa[wu]
load CSE12:aaaa[xyvu]
load T2:eaac[axyi]
.R2:eaac[avui] += -1 * CSE12:aaaa[xyvu] T2:eaac[axyi]
drop T2:eaac[axyi]
drop CSE12:aaaa[xyvu]
alloc I:ecaa[aivx]
load f:aa[vw]
load T2:eaac[awxi]
.I:ecaa[aivx] += f:aa[vw] T2:eaac[awxi]
drop T2:eaac[awxi]
drop f:aa[vw]
load Ym1:aa[xu]
.R2:eaac[avui] += I:ecaa[aivx] Ym1:aa[xu]
drop Ym1:aa[xu]
drop I:ecaa[aivx]
store R2:eaac[avui]

alloc CSE13:aaaa[wvzu]
alloc I:aaaa[vwxy]
load DF:Faa[Fvy]
.I:aaaa[vwxy] += DF:Faa[Fvy] DF:Faa[Fwx]
drop DF:Faa[Fvy]
load Ym2:aaaa[yzux]
.CSE13:aaaa[wvzu] += I:aaaa[vwxy] Ym2:aaaa[yzux]
drop Ym2:aaaa[yzux]
drop I:aaaa[vwxy]
store CSE13:aaaa[wvzu]

alloc CSE14:ecaa[aivw]
load g:cc[ji]
load T2:eaca[avjw]
.CSE14:ecaa[aivw] += g:cc[ji] T2:eaca[avjw]
drop T2:eaca[avjw]
drop g:cc[ji]
store CSE14:ecaa[aivw]

alloc CSE15:ecaa[aivw]
load g:ee[ab]
load T2:eaca[bviw]
.CSE15:ecaa[aivw] += g:ee[ab] T2:eaca[bviw]
drop T2:eaca[bviw]
drop g:ee[ab]
store CSE15:ecaa[aivw]

alloc R2:eaca[aviu]
load CSE2:aaaa[wvzu]
load T2:eaca[awiz]
.R2:eaca[aviu] += -1 * CSE2:aaaa[wvzu] T2:eaca[awiz]
drop T2:eaca[awiz]
drop CSE2:aaaa[wvzu]
load CSE3:aa[wu]
load T2:eaca[aviw]
.R2:eaca[aviu] += CSE3:aa[wu] T2:eaca[aviw]
drop T2:eaca[aviw]
drop CSE3:aa[wu]
load CSE13:aaaa[wvzu]
load T2:eaca[awiz]
.R2:eaca[aviu] += 2 * CSE13:aaaa[wvzu] T2:eaca[awiz]
drop T2:eaca[awiz]
load T2:eaac[ayzi]
.R2:eaca[aviu] += -1 * CSE13:aaaa[yvzu] T2:eaac[ayzi]
drop T2:eaac[ayzi]
drop CSE13:aaaa[yvzu]
load CSE4:aaaa[vyzu]
load T2:eaca[ayiz]
.R2:eaca[aviu] += 2 * CSE4:aaaa[vyzu] T2:eaca[ayiz]
drop T2:eaca[ayiz]
drop CSE4:aaaa[vyzu]
load CSE6:aa[yu]
load T2:eaca[aviy]
.R2:eaca[aviu] += -2 * CSE6:aa[yu] T2:eaca[aviy]
drop T2:eaca[aviy]
drop CSE6:aa[yu]
load CSE5:aaaa[vwzu]
load T2:eaca[awiz]
.R2:eaca[aviu] += -1 * CSE5:aaaa[vwzu] T2:eaca[awiz]
drop T2:eaca[awiz]
drop CSE5:aaaa[vwzu]
load CSE7:aaaa[xvuz]
load T2:eaca[azix]
.R2:eaca[aviu] += CSE7:aaaa[xvuz] T2:eaca[azix]
drop T2:eaca[azix]
load T2:eaac[azxi]
.R2:eaca[aviu] += CSE7:aaaa[xvzu] T2:eaac[azxi]
drop T2:eaac[azxi]
load T2:eaca[aziw]
.R2:eaca[aviu] += -2 * CSE7:aaaa[wvzu] T2:eaca[aziw]
drop T2:eaca[aziw]
drop CSE7:aaaa[wvzu]
load CSE14:ecaa[aivw]
load Ym1:aa[wu]
.R2:eaca[aviu] += -1 * CSE14:ecaa[aivw] Ym1:aa[wu]
drop Ym1:aa[wu]
load Ym2:aaaa[vxwu]
.R2:eaca[aviu] += CSE14:ecaa[aiwx] Ym2:aaaa[vxwu]
.R2:eaca[aviu] += -2 * CSE14:ecaa[aiwx] Ym2:aaaa[vxuw]
drop Ym2:aaaa[vxuw]
drop CSE14:ecaa[aiwx]
load CSE15:ecaa[aivw]
load Ym1:aa[wu]
.R2:eaca[aviu] += CSE15:ecaa[aivw] Ym1:aa[wu]
drop Ym1:aa[wu]
load Ym2:aaaa[vxwu]
.R2:eaca[aviu] += -1 * CSE15:ecaa[aiwx] Ym2:aaaa[vxwu]
.R2:eaca[aviu] += 2 * CSE15:ecaa[aiwx] Ym2:aaaa[vxuw]
drop Ym2:aaaa[vxuw]
drop CSE15:ecaa[aiwx]
load CSE12:aaaa[xvyu]
load T2:eaac[axyi]
.R2:eaca[aviu] += -1 * CSE12:aaaa[xvyu] T2:eaac[axyi]
drop T2:eaac[axyi]
load T2:eaca[awiy]
.R2:eaca[aviu] += -1 * CSE12:aaaa[wyvu] T2:eaca[awiy]
.R2:eaca[aviu] += 2 * CSE12:aaaa[wvyu] T2:eaca[awiy]
drop T2:eaca[awiy]
drop CSE12:aaaa[wvyu]
load CSE11:aa[wu]
load T2:eaca[aviw]
.R2:eaca[aviu] += -1 * CSE11:aa[wu] T2:eaca[aviw]
drop T2:eaca[aviw]
drop CSE11:aa[wu]
load CSE1:aaaa[wvuy]
load T2:eaac[aywi]
.R2:eaca[aviu] += CSE1:aaaa[wvuy] T2:eaac[aywi]
drop T2:eaac[aywi]
load T2:eaca[ayiw]
.R2:eaca[aviu] += CSE1:aaaa[wvyu] T2:eaca[ayiw]
.R2:eaca[aviu] += -2 * CSE1:aaaa[wvuy] T2:eaca[ayiw]
drop T2:eaca[ayiw]
drop CSE1:aaaa[wvuy]
alloc I:Faa[Fuv]
load DF:Faa[Fwx]
load Ym2:aaaa[vxwu]
.I:Faa[Fuv] += DF:Faa[Fwx] Ym2:aaaa[vxwu]
drop Ym2:aaaa[vxwu]
drop DF:Faa[Fwx]
load DF:Fec[Fai]
.R2:eaca[aviu] += -1 * I:Faa[Fuv] DF:Fec[Fai]
drop DF:Fec[Fai]
drop I:Faa[Fuv]
alloc I:Faa[Fuv]
load DF:Faa[Fvw]
load Ym1:aa[wu]
.I:Faa[Fuv] += DF:Faa[Fvw] Ym1:aa[wu]
drop Ym1:aa[wu]
drop DF:Faa[Fvw]
load DF:Fec[Fai]
.R2:eaca[aviu] += I:Faa[Fuv] DF:Fec[Fai]
drop DF:Fec[Fai]
drop I:Faa[Fuv]
alloc I:ec[ai]
load g:ee[ab]
load T1s:ec[bi]
.I:ec[ai] += g:ee[ab] T1s:ec[bi]
drop T1s:ec[bi]
drop g:ee[ab]
load Ym1:aa[vu]
.R2:eaca[aviu] += I:ec[ai] Ym1:aa[vu]
drop Ym1:aa[vu]
drop I:ec[ai]
load f:ec[ai]
load Ym1:aa[vu]
.R2:eaca[aviu] += f:ec[ai] Ym1:aa[vu]
drop Ym1:aa[vu]
drop f:ec[ai]
load CSE8:ecaa[aiwx]
load Ym2:aaaa[vxuw]
.R2:eaca[aviu] += CSE8:ecaa[aiwx] Ym2:aaaa[vxuw]
drop Ym2:aaaa[vxuw]
drop CSE8:ecaa[aiwx]
load CSE10:ecaa[aixw]
load Ym2:aaaa[vwux]
.R2:eaca[aviu] += -1 * CSE10:ecaa[aixw] Ym2:aaaa[vwux]
drop Ym2:aaaa[vwux]
drop CSE10:ecaa[aixw]
load CSE9:ecaa[aiwx]
load Ym2:aaaa[vxuw]
.R2:eaca[aviu] += -1 * CSE9:ecaa[aiwx] Ym2:aaaa[vxuw]
drop Ym2:aaaa[vxuw]
drop CSE9:ecaa[aiwx]
alloc I:ec[ai]
load g:cc[ji]
load T1s:ec[aj]
.I:ec[ai] += g:cc[ji] T1s:ec[aj]
drop T1s:ec[aj]
drop g:cc[ji]
load Ym1:aa[vu]
.R2:eaca[aviu] += -1 * I:ec[ai] Ym1:aa[vu]
drop Ym1:aa[vu]
drop I:ec[ai]
alloc I:ecaa[aivx]
load f:aa[wv]
load T2:eaca[awix]
.I:ecaa[aivx] += f:aa[wv] T2:eaca[awix]
drop T2:eaca[awix]
drop f:aa[wv]
load Ym1:aa[xu]
.R2:eaca[aviu] += I:ecaa[aivx] Ym1:aa[xu]
drop Ym1:aa[xu]
drop I:ecaa[aivx]
alloc I:Faa[Fuv]
load DF:Faa[Fwx]
load Ym2:aaaa[vxuw]
.I:Faa[Fuv] += DF:Faa[Fwx] Ym2:aaaa[vxuw]
drop Ym2:aaaa[vxuw]
drop DF:Faa[Fwx]
load DF:Fec[Fai]
.R2:eaca[aviu] += 2 * I:Faa[Fuv] DF:Fec[Fai]
drop DF:Fec[Fai]
drop I:Faa[Fuv]
store R2:eaca[aviu]

alloc CSE1:aaaa[wvyx]
load DF:Faa[Fvw]
.CSE1:aaaa[wvyx] += DF:Faa[Fvw] DF:Faa[Fxy]
drop DF:Faa[Fvw]
store CSE1:aaaa[wvyx]

alloc CSE2:ecca[ajiv]
load g:cc[kj]
load T2:eacc[avik]
.CSE2:ecca[ajiv] += g:cc[kj] T2:eacc[avik]
drop T2:eacc[avik]
drop g:cc[kj]
store CSE2:ecca[ajiv]

alloc CSE3:ecca[ajiu]
load g:ee[ab]
load T2:eacc[buij]
.CSE3:ecca[ajiu] += g:ee[ab] T2:eacc[buij]
drop T2:eacc[buij]
drop g:ee[ab]
store CSE3:ecca[ajiu]

alloc CSE4:ecca[aiju]
load g:cc[ki]
load T2:eacc[aukj]
.CSE4:ecca[aiju] += g:cc[ki] T2:eacc[aukj]
drop T2:eacc[aukj]
drop g:cc[ki]
store CSE4:ecca[aiju]

alloc R2:eacc[auij]
alloc I:aa[uy]
load CSE1:aaaa[wvyx]
load Ym2:aaaa[uwxv]
.I:aa[uy] += CSE1:aaaa[wvyx] Ym2:aaaa[uwxv]
drop Ym2:aaaa[uwxv]
drop CSE1:aaaa[wvyx]
load T2:eacc[ayij]
.R2:eacc[auij] += -2 * I:aa[uy] T2:eacc[ayij]
drop T2:eacc[ayij]
drop I:aa[uy]
alloc I:aa[uy]
load CSE1:aaaa[wvyx]
load Ym2:aaaa[uwvx]
.I:aa[uy] += CSE1:aaaa[wvyx] Ym2:aaaa[uwvx]
drop Ym2:aaaa[uwvx]
drop CSE1:aaaa[wvyx]
load T2:eacc[ayij]
.R2:eacc[auij] += I:aa[uy] T2:eacc[ayij]
drop T2:eacc[ayij]
drop I:aa[uy]
load f:aa[vu]
load T2:eacc[avij]
.R2:eacc[auij] += f:aa[vu] T2:eacc[avij]
drop T2:eacc[avij]
drop f:aa[vu]
alloc I:Fca[Fju]
load DF:Fca[Fjv]
load Ym1:aa[uv]
.I:Fca[Fju] += DF:Fca[Fjv] Ym1:aa[uv]
drop Ym1:aa[uv]
drop DF:Fca[Fjv]
load DF:Fec[Fai]
.R2:eacc[auij] += -1 * I:Fca[Fju] DF:Fec[Fai]
drop DF:Fec[Fai]
drop I:Fca[Fju]
alloc I:aa[ux]
alloc I:F[F]
load DF:Faa[Fvw]
load Ym1:aa[vw]
.I:F[F] += DF:Faa[Fvw] Ym1:aa[vw]
drop Ym1:aa[vw]
.I:aa[ux] += I:F[F] DF:Faa[Fux]
drop DF:Faa[Fux]
drop I:F[F]
load T2:eacc[axij]
.R2:eacc[auij] += 2 * I:aa[ux] T2:eacc[axij]
drop T2:eacc[axij]
drop I:aa[ux]
alloc I:aa[ux]
alloc I:Faa[Fuw]
load DF:Faa[Fvu]
load Ym1:aa[vw]
.I:Faa[Fuw] += DF:Faa[Fvu] Ym1:aa[vw]
drop Ym1:aa[vw]
.I:aa[ux] += I:Faa[Fuw] DF:Faa[Fwx]
drop DF:Faa[Fwx]
drop I:Faa[Fuw]
load T2:eacc[axij]
.R2:eacc[auij] += -1 * I:aa[ux] T2:eacc[axij]
drop T2:eacc[axij]
drop I:aa[ux]
alloc I:aa[uw]
load f:aa[vw]
load Ym1:aa[uv]
.I:aa[uw] += f:aa[vw] Ym1:aa[uv]
drop Ym1:aa[uv]
drop f:aa[vw]
load T2:eacc[awij]
.R2:eacc[auij] += -1 * I:aa[uw] T2:eacc[awij]
drop T2:eacc[awij]
drop I:aa[uw]
load CSE2:ecca[ajiv]
load Ym1:aa[uv]
.R2:eacc[auij] += CSE2:ecca[ajiv] Ym1:aa[uv]
drop Ym1:aa[uv]
.R2:eacc[auij] += -1 * CSE2:ecca[ajiu]
drop CSE2:ecca[ajiu]
load DF:Fec[Fai]
load DF:Fca[Fju]
.R2:eacc[auij] += DF:Fec[Fai] DF:Fca[Fju]
drop DF:Fca[Fju]
drop DF:Fec[Fai]
load CSE3:ecca[ajiu]
.R2:eacc[auij] += CSE3:ecca[ajiu]
load Ym1:aa[uv]
.R2:eacc[auij] += -1 * CSE3:ecca[ajiv] Ym1:aa[uv]
drop Ym1:aa[uv]
drop CSE3:ecca[ajiv]
load CSE4:ecca[aiju]
.R2:eacc[auij] += -1 * CSE4:ecca[aiju]
load Ym1:aa[uv]
.R2:eacc[auij] += CSE4:ecca[aijv] Ym1:aa[uv]
drop Ym1:aa[uv]
drop CSE4:ecca[aijv]
store R2:eacc[auij]


---- end
